<html>
<body>
<pre>
<h1>µVision3 Build Log</h1>
<h2>Project:</h2>
F:\Dean\SysTick\project\stm32.uv2
Project File Date:  07/09/2010

<h2>Output:</h2>
Build target 'stm32'
assembling cortexm3_macro.s...
assembling stm32f10x_vector.s...
compiling stm32f10x_adc.c...
compiling stm32f10x_bkp.c...
compiling stm32f10x_can.c...
compiling stm32f10x_crc.c...
compiling stm32f10x_dac.c...
compiling stm32f10x_dbgmcu.c...
compiling stm32f10x_dma.c...
compiling stm32f10x_exti.c...
compiling stm32f10x_flash.c...
compiling stm32f10x_fsmc.c...
compiling stm32f10x_gpio.c...
compiling stm32f10x_i2c.c...
compiling stm32f10x_iwdg.c...
compiling stm32f10x_lib.c...
compiling stm32f10x_nvic.c...
compiling stm32f10x_pwr.c...
compiling stm32f10x_rcc.c...
compiling stm32f10x_rtc.c...
compiling stm32f10x_sdio.c...
compiling stm32f10x_spi.c...
compiling stm32f10x_systick.c...
compiling stm32f10x_tim.c...
compiling stm32f10x_usart.c...
compiling stm32f10x_wwdg.c...
compiling main.c...
..\source\main.c(55): warning:  #550-D: variable "led" was set but never used
compiling stm32f10x_it.c...
compiling rcc.c...
compiling nvic.c...
compiling gpio.c...
compiling systick.c...
linking...
Program Size: Code=8074 RO-data=358 RW-data=20 ZI-data=2148  
FromELF: creating hex file...
"stm32.axf" - 0 Error(s), 1 Warning(s).
Clean started: Project: 'stm32'
   deleting intermediate output files for target 'stm32'
