<html>
<body>
<pre>
<h1>µVision3 Build Log</h1>
<h2>Project:</h2>
H:\StupidFish\Dean\Project\Stm32Work.uv2
Project File Date:  08/04/2010

<h2>Output:</h2>
Build target 'Target 1'
compiling stm32f10x_it.c...
compiling main.c...
..\SourceFiles\main.c(42): warning:  #177-D: variable "Pulse" was declared but never referenced
..\SourceFiles\main.c(43): warning:  #177-D: variable "pre_received" was declared but never referenced
..\SourceFiles\main.c(44): warning:  #177-D: variable "received" was declared but never referenced
..\SourceFiles\main.c(45): warning:  #177-D: variable "receivedbyte" was declared but never referenced
..\SourceFiles\main.c(46): warning:  #177-D: variable "i" was declared but never referenced
compiling stepmotor.c...
linking...
Program Size: Code=12036 RO-data=388 RW-data=36 ZI-data=2212  
FromELF: creating hex file...
"Stm32Work.axf" - 0 Error(s), 5 Warning(s).
Load "H:\\StupidFish\\Dean\\Project\\Stm32Work.AXF" 
JLink Speed: 2000 kHz
VTarget = 3.300V
DLL version V4.03r, compiled Mar  9 2009 18:04:21
Firmware: J-Link ARM V8 compiled Dec  1 2009 11:42:48
Hardware: V8.00
TotalIRLen = 9, IRPrint = 0x0011
Found Cortex-M3 r1p1, Little endian.
TPIU fitted.
ETM fitted.
  FPUnit: 6 code (BP) slots and 2 literal slots
Hardware-Breakpoints: 6
Software-Breakpoints: 2048
Watchpoints:          0
TotalIRLen = 9, IRPrint = 0x0011
Found Cortex-M3 r1p1, Little endian.
TPIU fitted.
ETM fitted.
  FPUnit: 6 code (BP) slots and 2 literal slots
TotalIRLen = 9, IRPrint = 0x0011
Found Cortex-M3 r1p1, Little endian.
TPIU fitted.
ETM fitted.
  FPUnit: 6 code (BP) slots and 2 literal slots
Found Cortex-M3 r1p1, Little endian.
TPIU fitted.
ETM fitted.
  FPUnit: 6 code (BP) slots and 2 literal slots
TotalIRLen = 9, IRPrint = 0x0011
Found Cortex-M3 r1p1, Little endian.
TPIU fitted.
ETM fitted.
  FPUnit: 6 code (BP) slots and 2 literal slots
Erase Done.
Programming Done.
Verify OK.
Build target 'Target 1'
compiling main.c...
..\SourceFiles\main.c(42): warning:  #177-D: variable "Pulse" was declared but never referenced
..\SourceFiles\main.c(43): warning:  #177-D: variable "pre_received" was declared but never referenced
..\SourceFiles\main.c(44): warning:  #177-D: variable "received" was declared but never referenced
..\SourceFiles\main.c(45): warning:  #177-D: variable "receivedbyte" was declared but never referenced
..\SourceFiles\main.c(46): warning:  #177-D: variable "i" was declared but never referenced
linking...
Program Size: Code=12036 RO-data=388 RW-data=36 ZI-data=2212  
FromELF: creating hex file...
"Stm32Work.axf" - 0 Error(s), 5 Warning(s).
Load "H:\\StupidFish\\Dean\\Project\\Stm32Work.AXF" 
JLink Speed: 2000 kHz
VTarget = 3.293V
DLL version V4.03r, compiled Mar  9 2009 18:04:21
Firmware: J-Link ARM V8 compiled Dec  1 2009 11:42:48
Hardware: V8.00
TotalIRLen = 9, IRPrint = 0x0011
Found Cortex-M3 r1p1, Little endian.
TPIU fitted.
ETM fitted.
  FPUnit: 6 code (BP) slots and 2 literal slots
Hardware-Breakpoints: 6
Software-Breakpoints: 2048
Watchpoints:          0
TotalIRLen = 9, IRPrint = 0x0011
Found Cortex-M3 r1p1, Little endian.
TPIU fitted.
ETM fitted.
  FPUnit: 6 code (BP) slots and 2 literal slots
TotalIRLen = 9, IRPrint = 0x0011
Found Cortex-M3 r1p1, Little endian.
TPIU fitted.
ETM fitted.
  FPUnit: 6 code (BP) slots and 2 literal slots
Found Cortex-M3 r1p1, Little endian.
TPIU fitted.
ETM fitted.
  FPUnit: 6 code (BP) slots and 2 literal slots
TotalIRLen = 9, IRPrint = 0x0011
Found Cortex-M3 r1p1, Little endian.
TPIU fitted.
ETM fitted.
  FPUnit: 6 code (BP) slots and 2 literal slots
Erase Done.
Programming Done.
Verify OK.
