<html>
<body>
<pre>
<h1>µVision3 Build Log</h1>
<h2>Project:</h2>
C:\Documents and Settings\SinaeanDean\×ÀÃæ\SDIO\project\stm32.uv2
Project File Date:  10/19/2010

<h2>Output:</h2>
Build target 'stm32'
compiling gpio.c...
..\source\gpio.c(16): error:  #5: cannot open source input file "stm32f10x_lib.h": No such file or directory
compiling main.c...
..\source\main.c(4): error:  #5: cannot open source input file "stm32f10x_lib.h": No such file or directory
compiling nvic.c...
..\source\nvic.c(16): error:  #5: cannot open source input file "stm32f10x_lib.h": No such file or directory
compiling rcc.c...
..\source\rcc.c(16): error:  #5: cannot open source input file "stm32f10x_lib.h": No such file or directory
compiling sdcard.c...
..\source\sdcard.h(22): error:  #5: cannot open source input file "stm32f10x_lib.h": No such file or directory
compiling stm32f10x_it.c...
..\source\stm32f10x_it.h(21): error:  #5: cannot open source input file "stm32f10x_lib.h": No such file or directory
compiling systick.c...
..\source\systick.c(16): error:  #5: cannot open source input file "stm32f10x_lib.h": No such file or directory
compiling fat16.c...
..\fat16\../source/sdcard.h(22): error:  #5: cannot open source input file "stm32f10x_lib.h": No such file or directory
compiling Unicodetogb2312.c...
compiling stm32f10x_wwdg.c...
..\stm32lib\src\stm32f10x_wwdg.c(17): error:  #5: cannot open source input file "stm32f10x_wwdg.h": No such file or directory
compiling stm32f10x_adc.c...
..\stm32lib\src\stm32f10x_adc.c(17): error:  #5: cannot open source input file "stm32f10x_adc.h": No such file or directory
compiling stm32f10x_bkp.c...
..\stm32lib\src\stm32f10x_bkp.c(17): error:  #5: cannot open source input file "stm32f10x_bkp.h": No such file or directory
compiling stm32f10x_can.c...
..\stm32lib\src\stm32f10x_can.c(17): error:  #5: cannot open source input file "stm32f10x_can.h": No such file or directory
compiling stm32f10x_crc.c...
..\stm32lib\src\stm32f10x_crc.c(17): error:  #5: cannot open source input file "stm32f10x_crc.h": No such file or directory
compiling stm32f10x_dac.c...
..\stm32lib\src\stm32f10x_dac.c(17): error:  #5: cannot open source input file "stm32f10x_dac.h": No such file or directory
compiling stm32f10x_dbgmcu.c...
..\stm32lib\src\stm32f10x_dbgmcu.c(17): error:  #5: cannot open source input file "stm32f10x_dbgmcu.h": No such file or directory
compiling stm32f10x_dma.c...
..\stm32lib\src\stm32f10x_dma.c(17): error:  #5: cannot open source input file "stm32f10x_dma.h": No such file or directory
compiling stm32f10x_exti.c...
..\stm32lib\src\stm32f10x_exti.c(17): error:  #5: cannot open source input file "stm32f10x_exti.h": No such file or directory
compiling stm32f10x_flash.c...
..\stm32lib\src\stm32f10x_flash.c(17): error:  #5: cannot open source input file "stm32f10x_flash.h": No such file or directory
compiling stm32f10x_fsmc.c...
..\stm32lib\src\stm32f10x_fsmc.c(17): error:  #5: cannot open source input file "stm32f10x_fsmc.h": No such file or directory
compiling stm32f10x_gpio.c...
..\stm32lib\src\stm32f10x_gpio.c(17): error:  #5: cannot open source input file "stm32f10x_gpio.h": No such file or directory
compiling stm32f10x_i2c.c...
..\stm32lib\src\stm32f10x_i2c.c(17): error:  #5: cannot open source input file "stm32f10x_i2c.h": No such file or directory
compiling stm32f10x_iwdg.c...
..\stm32lib\src\stm32f10x_iwdg.c(17): error:  #5: cannot open source input file "stm32f10x_iwdg.h": No such file or directory
compiling stm32f10x_lib.c...
..\stm32lib\src\stm32f10x_lib.c(19): error:  #5: cannot open source input file "stm32f10x_lib.h": No such file or directory
compiling stm32f10x_nvic.c...
..\stm32lib\src\stm32f10x_nvic.c(17): error:  #5: cannot open source input file "stm32f10x_nvic.h": No such file or directory
compiling stm32f10x_pwr.c...
..\stm32lib\src\stm32f10x_pwr.c(17): error:  #5: cannot open source input file "stm32f10x_pwr.h": No such file or directory
compiling stm32f10x_rcc.c...
..\stm32lib\src\stm32f10x_rcc.c(17): error:  #5: cannot open source input file "stm32f10x_rcc.h": No such file or directory
Project build/rebuild aborted.
Target not created
Build target 'stm32'
compiling gpio.c...
compiling main.c...
..\source\main.c(8): error:  #5: cannot open source input file "vs1003.h": No such file or directory
compiling nvic.c...
compiling rcc.c...
compiling sdcard.c...
compiling stm32f10x_it.c...
compiling systick.c...
compiling fat16.c...
..\fat16\fat16.c(365): warning:  #550-D: variable "ID" was set but never used
compiling Unicodetogb2312.c...
compiling stm32f10x_wwdg.c...
compiling stm32f10x_adc.c...
compiling stm32f10x_bkp.c...
compiling stm32f10x_can.c...
compiling stm32f10x_crc.c...
compiling stm32f10x_dac.c...
compiling stm32f10x_dbgmcu.c...
compiling stm32f10x_dma.c...
compiling stm32f10x_exti.c...
compiling stm32f10x_flash.c...
compiling stm32f10x_fsmc.c...
compiling stm32f10x_gpio.c...
compiling stm32f10x_i2c.c...
compiling stm32f10x_iwdg.c...
compiling stm32f10x_lib.c...
compiling stm32f10x_nvic.c...
compiling stm32f10x_pwr.c...
compiling stm32f10x_rcc.c...
compiling stm32f10x_rtc.c...
compiling stm32f10x_sdio.c...
compiling stm32f10x_spi.c...
compiling stm32f10x_systick.c...
compiling stm32f10x_tim.c...
compiling stm32f10x_usart.c...
Target not created
Build target 'stm32'
compiling main.c...
linking...
Program Size: Code=21888 RO-data=30332 RW-data=100 ZI-data=3284  
"stm32.axf" - 0 Error(s), 0 Warning(s).
Load "C:\\Documents and Settings\\SinaeanDean\\×ÀÃæ\\SDIO\\project\\stm32.AXF" 

JLink info:
-----------
DLL: V4.08b, compiled Jun 30 2009 19:10:31
Firmware: J-Link ARM V8 compiled Dec  1 2009 11:42:48
Hardware: V8.00
S/N : 20100214 
Feature(s) : RDI,FlashDL,FlashBP,JFlash,GDBFull 
---
* JLink Info: Found SWD-DP with ID 0x1BA01477
* JLink Info: TPIU fitted.
* JLink Info: ETM fitted.
* JLink Info:   FPUnit: 6 code (BP) slots and 2 literal slots

Target info:
------------
Device: STM32F103ZE
VTarget = 3.313V
State of Pins: 
TCK: 0, TDI: 1, TDO: 1, TMS: 0, TRES: 1, TRST: 1
* JLink Info: Found SWD-DP with ID 0x1BA01477
* JLink Info: TPIU fitted.
* JLink Info: ETM fitted.
* JLink Info:   FPUnit: 6 code (BP) slots and 2 literal slots
Hardware-Breakpoints: 6
Software-Breakpoints: 2048
Watchpoints:          4
JTAG speed: 9600 kHz
---
* JLink Info: Found SWD-DP with ID 0x1BA01477
* JLink Info: TPIU fitted.
* JLink Info: ETM fitted.
* JLink Info:   FPUnit: 6 code (BP) slots and 2 literal slots
Erase Done.
Programming Done.
Verify OK.
Clean started: Project: 'stm32'
   deleting intermediate output files for target 'stm32'
