<html>
<body>
<pre>
<h1>µVision3 Build Log</h1>
<h2>Project:</h2>
F:\Dean\lcd\project\stm32.uv2
Project File Date:  07/13/2010

<h2>Output:</h2>
Build target 'stm32'
assembling cortexm3_macro.s...
assembling stm32f10x_vector.s...
compiling stm32f10x_adc.c...
compiling stm32f10x_bkp.c...
compiling stm32f10x_can.c...
compiling stm32f10x_crc.c...
compiling stm32f10x_dac.c...
compiling stm32f10x_dbgmcu.c...
compiling stm32f10x_dma.c...
compiling stm32f10x_exti.c...
compiling stm32f10x_flash.c...
compiling stm32f10x_fsmc.c...
compiling stm32f10x_gpio.c...
compiling stm32f10x_i2c.c...
compiling stm32f10x_iwdg.c...
compiling stm32f10x_lib.c...
compiling stm32f10x_nvic.c...
compiling stm32f10x_pwr.c...
compiling stm32f10x_rcc.c...
compiling stm32f10x_rtc.c...
compiling stm32f10x_sdio.c...
compiling stm32f10x_spi.c...
compiling stm32f10x_systick.c...
compiling stm32f10x_tim.c...
compiling stm32f10x_usart.c...
compiling stm32f10x_wwdg.c...
compiling main.c...
..\source\main.c(67): error:  #29: expected an expression
..\source\main.c(67): error:  #140: too many arguments in function call
..\source\main.c(68): error:  #29: expected an expression
..\source\main.c(68): error:  #140: too many arguments in function call
..\source\main.c(76): error:  #20: identifier "temp" is undefined
..\source\main.c(76): error:  #20: identifier "uint16_t" is undefined
..\source\main.c(79): warning:  #223-D: function "LCD_WR_Data" declared implicitly
..\source\main.c(59): warning:  #550-D: variable "led" was set but never used
compiling stm32f10x_it.c...
compiling rcc.c...
compiling nvic.c...
compiling gpio.c...
compiling systick.c...
compiling fsmc_lcd.c...
..\source\fsmc_lcd.c(6): error:  #20: identifier "GPIO_InitTypeDef" is undefined
..\source\fsmc_lcd.c(8): warning:  #223-D: function "RCC_APB2PeriphClockCmd" declared implicitly
..\source\fsmc_lcd.c(8): error:  #20: identifier "RCC_APB2Periph_GPIOA" is undefined
..\source\fsmc_lcd.c(8): error:  #20: identifier "RCC_APB2Periph_GPIOB" is undefined
..\source\fsmc_lcd.c(8): error:  #20: identifier "RCC_APB2Periph_GPIOC" is undefined
..\source\fsmc_lcd.c(9): error:  #20: identifier "RCC_APB2Periph_GPIOD" is undefined
..\source\fsmc_lcd.c(9): error:  #20: identifier "RCC_APB2Periph_GPIOE" is undefined
..\source\fsmc_lcd.c(10): error:  #20: identifier "GPIO_Pin_5" is undefined
..\source\fsmc_lcd.c(12): error:  #20: identifier "GPIO_Mode_Out_PP" is undefined
..\source\fsmc_lcd.c(13): error:  #20: identifier "GPIO_Speed_50MHz" is undefined
..\source\fsmc_lcd.c(14): warning:  #223-D: function "GPIO_Init" declared implicitly
..\source\fsmc_lcd.c(16): error:  #20: identifier "GPIO_Pin_13" is undefined
..\source\fsmc_lcd.c(16): error:  #20: identifier "GPIO_Pin_6" is undefined
..\source\fsmc_lcd.c(16): error:  #20: identifier "GPIO_Pin_3" is undefined
..\source\fsmc_lcd.c(19): error:  #20: identifier "GPIO_Pin_0" is undefined
..\source\fsmc_lcd.c(22): error:  #20: identifier "GPIO_Pin_1" is undefined
..\source\fsmc_lcd.c(32): error:  #20: identifier "GPIO_Pin_4" is undefined
..\source\fsmc_lcd.c(33): error:  #20: identifier "GPIO_Pin_8" is undefined
..\source\fsmc_lcd.c(33): error:  #20: identifier "GPIO_Pin_9" is undefined
..\source\fsmc_lcd.c(33): error:  #20: identifier "GPIO_Pin_10" is undefined
..\source\fsmc_lcd.c(33): error:  #20: identifier "GPIO_Pin_14" is undefined
..\source\fsmc_lcd.c(34): error:  #20: identifier "GPIO_Pin_15" is undefined
..\source\fsmc_lcd.c(36): error:  #20: identifier "GPIO_Mode_AF_PP" is undefined
..\source\fsmc_lcd.c(41): error:  #20: identifier "GPIO_Pin_7" is undefined
..\source\fsmc_lcd.c(42): error:  #20: identifier "GPIO_Pin_11" is undefined
..\source\fsmc_lcd.c(42): error:  #20: identifier "GPIO_Pin_12" is undefined
..\source\fsmc_lcd.c(76): warning:  #223-D: function "GPIO_SetBits" declared implicitly
..\source\fsmc_lcd.c(79): warning:  #223-D: function "GPIO_ResetBits" declared implicitly
..\source\fsmc_lcd.c(92): warning:  #223-D: function "GPIO_ResetBits" declared implicitly
..\source\fsmc_lcd.c(92): error:  #20: identifier "GPIO_Pin_1" is undefined
..\source\fsmc_lcd.c(93): warning:  #223-D: function "Delay" declared implicitly
..\source\fsmc_lcd.c(94): warning:  #223-D: function "GPIO_SetBits" declared implicitly
compiling lcd.c...
..\source\lcd.c(89): error:  #20: identifier "__IO" is undefined
..\source\lcd.c(89): error:  #18: expected a ")"
..\source\lcd.c(89): error:  #20: identifier "uint32_t" is undefined
..\source\lcd.c(89): error:  #18: expected a ")"
..\source\lcd.c(97): error:  #20: identifier "__IO" is undefined
..\source\lcd.c(97): error:  #18: expected a ")"
..\source\lcd.c(97): error:  #20: identifier "uint32_t" is undefined
..\source\lcd.c(97): error:  #18: expected a ")"
..\source\lcd.c(98): error:  #18: expected a ")"
..\source\lcd.c(98): error:  #18: expected a ")"
..\source\lcd.c(104): error:  #20: identifier "__IO" is undefined
..\source\lcd.c(104): error:  #18: expected a ")"
..\source\lcd.c(104): error:  #20: identifier "uint32_t" is undefined
..\source\lcd.c(104): error:  #18: expected a ")"
..\source\lcd.c(113): error:  #20: identifier "__IO" is undefined
..\source\lcd.c(113): error:  #18: expected a ")"
..\source\lcd.c(113): error:  #20: identifier "uint32_t" is undefined
..\source\lcd.c(113): error:  #18: expected a ")"
..\source\lcd.c(142): warning:  #223-D: function "Delay" declared implicitly
..\source\lcd.c(193): error:  #20: identifier "__IO" is undefined
..\source\lcd.c(193): error:  #18: expected a ")"
..\source\lcd.c(193): error:  #20: identifier "uint32_t" is undefined
..\source\lcd.c(193): error:  #18: expected a ")"
..\source\lcd.c(194): error:  #20: identifier "color1" is undefined
Target not created
Build target 'stm32'
assembling cortexm3_macro.s...
assembling stm32f10x_vector.s...
compiling stm32f10x_adc.c...
compiling stm32f10x_bkp.c...
compiling stm32f10x_can.c...
compiling stm32f10x_crc.c...
compiling stm32f10x_dac.c...
compiling stm32f10x_dbgmcu.c...
compiling stm32f10x_dma.c...
compiling stm32f10x_exti.c...
compiling stm32f10x_flash.c...
compiling stm32f10x_fsmc.c...
compiling stm32f10x_gpio.c...
compiling stm32f10x_i2c.c...
compiling stm32f10x_iwdg.c...
compiling stm32f10x_lib.c...
compiling stm32f10x_nvic.c...
compiling stm32f10x_pwr.c...
compiling stm32f10x_rcc.c...
compiling stm32f10x_rtc.c...
compiling stm32f10x_sdio.c...
compiling stm32f10x_spi.c...
compiling stm32f10x_systick.c...
compiling stm32f10x_tim.c...
compiling stm32f10x_usart.c...
compiling stm32f10x_wwdg.c...
compiling main.c...
..\source\main.c(67): error:  #29: expected an expression
..\source\main.c(67): error:  #140: too many arguments in function call
..\source\main.c(68): error:  #29: expected an expression
..\source\main.c(68): error:  #140: too many arguments in function call
..\source\main.c(76): error:  #20: identifier "temp" is undefined
..\source\main.c(76): error:  #20: identifier "uint16_t" is undefined
..\source\main.c(79): warning:  #223-D: function "LCD_WR_Data" declared implicitly
..\source\main.c(59): warning:  #550-D: variable "led" was set but never used
compiling stm32f10x_it.c...
compiling rcc.c...
compiling nvic.c...
compiling gpio.c...
compiling systick.c...
compiling fsmc_lcd.c...
..\source\fsmc_lcd.c(94): warning:  #223-D: function "Delay" declared implicitly
compiling lcd.c...
..\source\lcd.c(89): error:  #20: identifier "__IO" is undefined
..\source\lcd.c(89): error:  #18: expected a ")"
..\source\lcd.c(89): error:  #20: identifier "uint32_t" is undefined
..\source\lcd.c(89): error:  #18: expected a ")"
..\source\lcd.c(97): error:  #20: identifier "__IO" is undefined
..\source\lcd.c(97): error:  #18: expected a ")"
..\source\lcd.c(97): error:  #20: identifier "uint32_t" is undefined
..\source\lcd.c(97): error:  #18: expected a ")"
..\source\lcd.c(98): error:  #18: expected a ")"
..\source\lcd.c(98): error:  #18: expected a ")"
..\source\lcd.c(104): error:  #20: identifier "__IO" is undefined
..\source\lcd.c(104): error:  #18: expected a ")"
..\source\lcd.c(104): error:  #20: identifier "uint32_t" is undefined
..\source\lcd.c(104): error:  #18: expected a ")"
..\source\lcd.c(113): error:  #20: identifier "__IO" is undefined
..\source\lcd.c(113): error:  #18: expected a ")"
..\source\lcd.c(113): error:  #20: identifier "uint32_t" is undefined
..\source\lcd.c(113): error:  #18: expected a ")"
..\source\lcd.c(142): warning:  #223-D: function "Delay" declared implicitly
..\source\lcd.c(193): error:  #20: identifier "__IO" is undefined
..\source\lcd.c(193): error:  #18: expected a ")"
..\source\lcd.c(193): error:  #20: identifier "uint32_t" is undefined
..\source\lcd.c(193): error:  #18: expected a ")"
..\source\lcd.c(194): error:  #20: identifier "color1" is undefined
Target not created
Build target 'stm32'
assembling cortexm3_macro.s...
assembling stm32f10x_vector.s...
compiling stm32f10x_adc.c...
compiling stm32f10x_bkp.c...
compiling stm32f10x_can.c...
compiling stm32f10x_crc.c...
compiling stm32f10x_dac.c...
compiling stm32f10x_dbgmcu.c...
compiling stm32f10x_dma.c...
compiling stm32f10x_exti.c...
compiling stm32f10x_flash.c...
compiling stm32f10x_fsmc.c...
compiling stm32f10x_gpio.c...
compiling stm32f10x_i2c.c...
compiling stm32f10x_iwdg.c...
compiling stm32f10x_lib.c...
compiling stm32f10x_nvic.c...
compiling stm32f10x_pwr.c...
compiling stm32f10x_rcc.c...
compiling stm32f10x_rtc.c...
compiling stm32f10x_sdio.c...
compiling stm32f10x_spi.c...
compiling stm32f10x_systick.c...
compiling stm32f10x_tim.c...
compiling stm32f10x_usart.c...
compiling stm32f10x_wwdg.c...
compiling main.c...
..\source\main.c(76): error:  #20: identifier "temp" is undefined
..\source\main.c(76): error:  #20: identifier "uint16_t" is undefined
..\source\main.c(79): warning:  #223-D: function "LCD_WR_Data" declared implicitly
..\source\main.c(59): warning:  #550-D: variable "led" was set but never used
compiling stm32f10x_it.c...
compiling rcc.c...
compiling nvic.c...
compiling gpio.c...
compiling systick.c...
compiling fsmc_lcd.c...
..\source\fsmc_lcd.c(94): warning:  #223-D: function "Delay" declared implicitly
compiling lcd.c...
..\source\lcd.c(89): error:  #20: identifier "__IO" is undefined
..\source\lcd.c(89): error:  #18: expected a ")"
..\source\lcd.c(89): error:  #20: identifier "uint32_t" is undefined
..\source\lcd.c(89): error:  #18: expected a ")"
..\source\lcd.c(97): error:  #20: identifier "__IO" is undefined
..\source\lcd.c(97): error:  #18: expected a ")"
..\source\lcd.c(97): error:  #20: identifier "uint32_t" is undefined
..\source\lcd.c(97): error:  #18: expected a ")"
..\source\lcd.c(98): error:  #18: expected a ")"
..\source\lcd.c(98): error:  #18: expected a ")"
..\source\lcd.c(104): error:  #20: identifier "__IO" is undefined
..\source\lcd.c(104): error:  #18: expected a ")"
..\source\lcd.c(104): error:  #20: identifier "uint32_t" is undefined
..\source\lcd.c(104): error:  #18: expected a ")"
..\source\lcd.c(113): error:  #20: identifier "__IO" is undefined
..\source\lcd.c(113): error:  #18: expected a ")"
..\source\lcd.c(113): error:  #20: identifier "uint32_t" is undefined
..\source\lcd.c(113): error:  #18: expected a ")"
..\source\lcd.c(142): warning:  #223-D: function "Delay" declared implicitly
..\source\lcd.c(193): error:  #20: identifier "__IO" is undefined
..\source\lcd.c(193): error:  #18: expected a ")"
..\source\lcd.c(193): error:  #20: identifier "uint32_t" is undefined
..\source\lcd.c(193): error:  #18: expected a ")"
..\source\lcd.c(194): error:  #20: identifier "color1" is undefined
Target not created
Build target 'stm32'
assembling cortexm3_macro.s...
assembling stm32f10x_vector.s...
compiling stm32f10x_adc.c...
compiling stm32f10x_bkp.c...
compiling stm32f10x_can.c...
compiling stm32f10x_crc.c...
compiling stm32f10x_dac.c...
compiling stm32f10x_dbgmcu.c...
compiling stm32f10x_dma.c...
compiling stm32f10x_exti.c...
compiling stm32f10x_flash.c...
compiling stm32f10x_fsmc.c...
compiling stm32f10x_gpio.c...
compiling stm32f10x_i2c.c...
compiling stm32f10x_iwdg.c...
compiling stm32f10x_lib.c...
compiling stm32f10x_nvic.c...
compiling stm32f10x_pwr.c...
compiling stm32f10x_rcc.c...
compiling stm32f10x_rtc.c...
compiling stm32f10x_sdio.c...
compiling stm32f10x_spi.c...
compiling stm32f10x_systick.c...
compiling stm32f10x_tim.c...
compiling stm32f10x_usart.c...
compiling stm32f10x_wwdg.c...
compiling main.c...
..\source\main.c(76): error:  #20: identifier "temp" is undefined
..\source\main.c(76): error:  #20: identifier "uint16_t" is undefined
..\source\main.c(79): warning:  #223-D: function "LCD_WR_Data" declared implicitly
..\source\main.c(59): warning:  #550-D: variable "led" was set but never used
compiling stm32f10x_it.c...
compiling rcc.c...
compiling nvic.c...
compiling gpio.c...
compiling systick.c...
compiling fsmc_lcd.c...
..\source\fsmc_lcd.c(4): error:  #20: identifier "__IO" is undefined
..\source\fsmc_lcd.c(4): error:  #18: expected a ")"
..\source\fsmc_lcd.c(6): error:  #20: identifier "nCount" is undefined
compiling lcd.c...
..\source\lcd.c(89): error:  #20: identifier "__IO" is undefined
..\source\lcd.c(89): error:  #18: expected a ")"
..\source\lcd.c(89): error:  #20: identifier "uint32_t" is undefined
..\source\lcd.c(89): error:  #18: expected a ")"
..\source\lcd.c(97): error:  #20: identifier "__IO" is undefined
..\source\lcd.c(97): error:  #18: expected a ")"
..\source\lcd.c(97): error:  #20: identifier "uint32_t" is undefined
..\source\lcd.c(97): error:  #18: expected a ")"
..\source\lcd.c(98): error:  #18: expected a ")"
..\source\lcd.c(98): error:  #18: expected a ")"
..\source\lcd.c(104): error:  #20: identifier "__IO" is undefined
..\source\lcd.c(104): error:  #18: expected a ")"
..\source\lcd.c(104): error:  #20: identifier "uint32_t" is undefined
..\source\lcd.c(104): error:  #18: expected a ")"
..\source\lcd.c(113): error:  #20: identifier "__IO" is undefined
..\source\lcd.c(113): error:  #18: expected a ")"
..\source\lcd.c(113): error:  #20: identifier "uint32_t" is undefined
..\source\lcd.c(113): error:  #18: expected a ")"
..\source\lcd.c(142): warning:  #223-D: function "Delay" declared implicitly
..\source\lcd.c(193): error:  #20: identifier "__IO" is undefined
..\source\lcd.c(193): error:  #18: expected a ")"
..\source\lcd.c(193): error:  #20: identifier "uint32_t" is undefined
..\source\lcd.c(193): error:  #18: expected a ")"
..\source\lcd.c(194): error:  #20: identifier "color1" is undefined
Target not created
Build target 'stm32'
assembling cortexm3_macro.s...
assembling stm32f10x_vector.s...
compiling stm32f10x_adc.c...
compiling stm32f10x_bkp.c...
compiling stm32f10x_can.c...
compiling stm32f10x_crc.c...
compiling stm32f10x_dac.c...
compiling stm32f10x_dbgmcu.c...
compiling stm32f10x_dma.c...
compiling stm32f10x_exti.c...
compiling stm32f10x_flash.c...
compiling stm32f10x_fsmc.c...
compiling stm32f10x_gpio.c...
compiling stm32f10x_i2c.c...
compiling stm32f10x_iwdg.c...
compiling stm32f10x_lib.c...
compiling stm32f10x_nvic.c...
compiling stm32f10x_pwr.c...
compiling stm32f10x_rcc.c...
compiling stm32f10x_rtc.c...
compiling stm32f10x_sdio.c...
compiling stm32f10x_spi.c...
compiling stm32f10x_systick.c...
compiling stm32f10x_tim.c...
compiling stm32f10x_usart.c...
compiling stm32f10x_wwdg.c...
compiling main.c...
..\source\main.c(77): error:  #20: identifier "uint16_t" is undefined
..\source\main.c(80): warning:  #223-D: function "LCD_WR_Data" declared implicitly
..\source\main.c(59): warning:  #550-D: variable "led" was set but never used
compiling stm32f10x_it.c...
compiling rcc.c...
compiling nvic.c...
compiling gpio.c...
compiling systick.c...
compiling fsmc_lcd.c...
..\source\fsmc_lcd.c(4): error:  #20: identifier "__IO" is undefined
..\source\fsmc_lcd.c(4): error:  #18: expected a ")"
..\source\fsmc_lcd.c(6): error:  #20: identifier "nCount" is undefined
compiling lcd.c...
..\source\lcd.c(89): error:  #20: identifier "__IO" is undefined
..\source\lcd.c(89): error:  #18: expected a ")"
..\source\lcd.c(89): error:  #20: identifier "uint32_t" is undefined
..\source\lcd.c(89): error:  #18: expected a ")"
..\source\lcd.c(97): error:  #20: identifier "__IO" is undefined
..\source\lcd.c(97): error:  #18: expected a ")"
..\source\lcd.c(97): error:  #20: identifier "uint32_t" is undefined
..\source\lcd.c(97): error:  #18: expected a ")"
..\source\lcd.c(98): error:  #18: expected a ")"
..\source\lcd.c(98): error:  #18: expected a ")"
..\source\lcd.c(104): error:  #20: identifier "__IO" is undefined
..\source\lcd.c(104): error:  #18: expected a ")"
..\source\lcd.c(104): error:  #20: identifier "uint32_t" is undefined
..\source\lcd.c(104): error:  #18: expected a ")"
..\source\lcd.c(113): error:  #20: identifier "__IO" is undefined
..\source\lcd.c(113): error:  #18: expected a ")"
..\source\lcd.c(113): error:  #20: identifier "uint32_t" is undefined
..\source\lcd.c(113): error:  #18: expected a ")"
..\source\lcd.c(142): warning:  #223-D: function "Delay" declared implicitly
..\source\lcd.c(193): error:  #20: identifier "__IO" is undefined
..\source\lcd.c(193): error:  #18: expected a ")"
..\source\lcd.c(193): error:  #20: identifier "uint32_t" is undefined
..\source\lcd.c(193): error:  #18: expected a ")"
..\source\lcd.c(194): error:  #20: identifier "color1" is undefined
Target not created
Build target 'stm32'
assembling cortexm3_macro.s...
assembling stm32f10x_vector.s...
compiling stm32f10x_adc.c...
compiling stm32f10x_bkp.c...
compiling stm32f10x_can.c...
compiling stm32f10x_crc.c...
compiling stm32f10x_dac.c...
compiling stm32f10x_dbgmcu.c...
compiling stm32f10x_dma.c...
compiling stm32f10x_exti.c...
compiling stm32f10x_flash.c...
compiling stm32f10x_fsmc.c...
compiling stm32f10x_gpio.c...
compiling stm32f10x_i2c.c...
compiling stm32f10x_iwdg.c...
compiling stm32f10x_lib.c...
compiling stm32f10x_nvic.c...
compiling stm32f10x_pwr.c...
compiling stm32f10x_rcc.c...
compiling stm32f10x_rtc.c...
compiling stm32f10x_sdio.c...
compiling stm32f10x_spi.c...
compiling stm32f10x_systick.c...
compiling stm32f10x_tim.c...
compiling stm32f10x_usart.c...
compiling stm32f10x_wwdg.c...
compiling main.c...
..\source\main.c(81): warning:  #223-D: function "LCD_WR_Data" declared implicitly
..\source\main.c(60): warning:  #550-D: variable "led" was set but never used
compiling stm32f10x_it.c...
compiling rcc.c...
compiling nvic.c...
compiling gpio.c...
compiling systick.c...
compiling fsmc_lcd.c...
..\source\fsmc_lcd.c(4): error:  #20: identifier "__IO" is undefined
..\source\fsmc_lcd.c(4): error:  #18: expected a ")"
..\source\fsmc_lcd.c(6): error:  #20: identifier "nCount" is undefined
compiling lcd.c...
..\source\lcd.c(89): error:  #20: identifier "__IO" is undefined
..\source\lcd.c(89): error:  #18: expected a ")"
..\source\lcd.c(89): error:  #20: identifier "uint32_t" is undefined
..\source\lcd.c(89): error:  #18: expected a ")"
..\source\lcd.c(97): error:  #20: identifier "__IO" is undefined
..\source\lcd.c(97): error:  #18: expected a ")"
..\source\lcd.c(97): error:  #20: identifier "uint32_t" is undefined
..\source\lcd.c(97): error:  #18: expected a ")"
..\source\lcd.c(98): error:  #18: expected a ")"
..\source\lcd.c(98): error:  #18: expected a ")"
..\source\lcd.c(104): error:  #20: identifier "__IO" is undefined
..\source\lcd.c(104): error:  #18: expected a ")"
..\source\lcd.c(104): error:  #20: identifier "uint32_t" is undefined
..\source\lcd.c(104): error:  #18: expected a ")"
..\source\lcd.c(113): error:  #20: identifier "__IO" is undefined
..\source\lcd.c(113): error:  #18: expected a ")"
..\source\lcd.c(113): error:  #20: identifier "uint32_t" is undefined
..\source\lcd.c(113): error:  #18: expected a ")"
..\source\lcd.c(142): warning:  #223-D: function "Delay" declared implicitly
..\source\lcd.c(193): error:  #20: identifier "__IO" is undefined
..\source\lcd.c(193): error:  #18: expected a ")"
..\source\lcd.c(193): error:  #20: identifier "uint32_t" is undefined
..\source\lcd.c(193): error:  #18: expected a ")"
..\source\lcd.c(194): error:  #20: identifier "color1" is undefined
Target not created
Build target 'stm32'
assembling cortexm3_macro.s...
assembling stm32f10x_vector.s...
compiling stm32f10x_adc.c...
compiling stm32f10x_bkp.c...
compiling stm32f10x_can.c...
compiling stm32f10x_crc.c...
compiling stm32f10x_dac.c...
compiling stm32f10x_dbgmcu.c...
compiling stm32f10x_dma.c...
compiling stm32f10x_exti.c...
compiling stm32f10x_flash.c...
compiling stm32f10x_fsmc.c...
compiling stm32f10x_gpio.c...
compiling stm32f10x_i2c.c...
compiling stm32f10x_iwdg.c...
compiling stm32f10x_lib.c...
compiling stm32f10x_nvic.c...
compiling stm32f10x_pwr.c...
compiling stm32f10x_rcc.c...
compiling stm32f10x_rtc.c...
compiling stm32f10x_sdio.c...
compiling stm32f10x_spi.c...
compiling stm32f10x_systick.c...
compiling stm32f10x_tim.c...
compiling stm32f10x_usart.c...
compiling stm32f10x_wwdg.c...
compiling main.c...
..\source\main.c(64): warning:  #550-D: variable "led" was set but never used
compiling stm32f10x_it.c...
compiling rcc.c...
compiling nvic.c...
compiling gpio.c...
compiling systick.c...
compiling fsmc_lcd.c...
..\source\fsmc_lcd.c(4): error:  #20: identifier "__IO" is undefined
..\source\fsmc_lcd.c(4): error:  #18: expected a ")"
..\source\fsmc_lcd.c(6): error:  #20: identifier "nCount" is undefined
compiling lcd.c...
..\source\lcd.c(89): error:  #20: identifier "__IO" is undefined
..\source\lcd.c(89): error:  #18: expected a ")"
..\source\lcd.c(89): error:  #20: identifier "uint32_t" is undefined
..\source\lcd.c(89): error:  #18: expected a ")"
..\source\lcd.c(97): error:  #20: identifier "__IO" is undefined
..\source\lcd.c(97): error:  #18: expected a ")"
..\source\lcd.c(97): error:  #20: identifier "uint32_t" is undefined
..\source\lcd.c(97): error:  #18: expected a ")"
..\source\lcd.c(98): error:  #18: expected a ")"
..\source\lcd.c(98): error:  #18: expected a ")"
..\source\lcd.c(104): error:  #20: identifier "__IO" is undefined
..\source\lcd.c(104): error:  #18: expected a ")"
..\source\lcd.c(104): error:  #20: identifier "uint32_t" is undefined
..\source\lcd.c(104): error:  #18: expected a ")"
..\source\lcd.c(113): error:  #20: identifier "__IO" is undefined
..\source\lcd.c(113): error:  #18: expected a ")"
..\source\lcd.c(113): error:  #20: identifier "uint32_t" is undefined
..\source\lcd.c(113): error:  #18: expected a ")"
..\source\lcd.c(142): warning:  #223-D: function "Delay" declared implicitly
..\source\lcd.c(193): error:  #20: identifier "__IO" is undefined
..\source\lcd.c(193): error:  #18: expected a ")"
..\source\lcd.c(193): error:  #20: identifier "uint32_t" is undefined
..\source\lcd.c(193): error:  #18: expected a ")"
..\source\lcd.c(194): error:  #20: identifier "color1" is undefined
Target not created
Build target 'stm32'
assembling cortexm3_macro.s...
assembling stm32f10x_vector.s...
compiling stm32f10x_adc.c...
compiling stm32f10x_bkp.c...
compiling stm32f10x_can.c...
compiling stm32f10x_crc.c...
compiling stm32f10x_dac.c...
compiling stm32f10x_dbgmcu.c...
compiling stm32f10x_dma.c...
compiling stm32f10x_exti.c...
compiling stm32f10x_flash.c...
compiling stm32f10x_fsmc.c...
compiling stm32f10x_gpio.c...
compiling stm32f10x_i2c.c...
compiling stm32f10x_iwdg.c...
compiling stm32f10x_lib.c...
compiling stm32f10x_nvic.c...
compiling stm32f10x_pwr.c...
compiling stm32f10x_rcc.c...
compiling stm32f10x_rtc.c...
compiling stm32f10x_sdio.c...
compiling stm32f10x_spi.c...
compiling stm32f10x_systick.c...
compiling stm32f10x_tim.c...
compiling stm32f10x_usart.c...
compiling stm32f10x_wwdg.c...
compiling main.c...
..\source\main.c(64): warning:  #550-D: variable "led" was set but never used
compiling stm32f10x_it.c...
compiling rcc.c...
compiling nvic.c...
compiling gpio.c...
compiling systick.c...
compiling fsmc_lcd.c...
..\source\fsmc_lcd.c(4): error:  #20: identifier "uint32_t" is undefined
compiling lcd.c...
..\source\lcd.c(143): warning:  #223-D: function "Delay" declared implicitly
..\source\lcd.c(195): error:  #20: identifier "color1" is undefined
Target not created
Build target 'stm32'
assembling cortexm3_macro.s...
assembling stm32f10x_vector.s...
compiling stm32f10x_adc.c...
compiling stm32f10x_bkp.c...
compiling stm32f10x_can.c...
compiling stm32f10x_crc.c...
compiling stm32f10x_dac.c...
compiling stm32f10x_dbgmcu.c...
compiling stm32f10x_dma.c...
compiling stm32f10x_exti.c...
compiling stm32f10x_flash.c...
compiling stm32f10x_fsmc.c...
compiling stm32f10x_gpio.c...
compiling stm32f10x_i2c.c...
compiling stm32f10x_iwdg.c...
compiling stm32f10x_lib.c...
compiling stm32f10x_nvic.c...
compiling stm32f10x_pwr.c...
compiling stm32f10x_rcc.c...
compiling stm32f10x_rtc.c...
compiling stm32f10x_sdio.c...
compiling stm32f10x_spi.c...
compiling stm32f10x_systick.c...
compiling stm32f10x_tim.c...
compiling stm32f10x_usart.c...
compiling stm32f10x_wwdg.c...
compiling main.c...
..\source\main.c(64): warning:  #550-D: variable "led" was set but never used
compiling stm32f10x_it.c...
compiling rcc.c...
compiling nvic.c...
compiling gpio.c...
compiling systick.c...
compiling fsmc_lcd.c...
compiling lcd.c...
..\source\lcd.c(143): warning:  #223-D: function "Delay" declared implicitly
..\source\lcd.c(195): error:  #20: identifier "color1" is undefined
Target not created
Build target 'stm32'
assembling cortexm3_macro.s...
assembling stm32f10x_vector.s...
compiling stm32f10x_adc.c...
compiling stm32f10x_bkp.c...
compiling stm32f10x_can.c...
compiling stm32f10x_crc.c...
compiling stm32f10x_dac.c...
compiling stm32f10x_dbgmcu.c...
compiling stm32f10x_dma.c...
compiling stm32f10x_exti.c...
compiling stm32f10x_flash.c...
compiling stm32f10x_fsmc.c...
compiling stm32f10x_gpio.c...
compiling stm32f10x_i2c.c...
compiling stm32f10x_iwdg.c...
compiling stm32f10x_lib.c...
compiling stm32f10x_nvic.c...
compiling stm32f10x_pwr.c...
compiling stm32f10x_rcc.c...
compiling stm32f10x_rtc.c...
compiling stm32f10x_sdio.c...
compiling stm32f10x_spi.c...
compiling stm32f10x_systick.c...
compiling stm32f10x_tim.c...
compiling stm32f10x_usart.c...
compiling stm32f10x_wwdg.c...
compiling main.c...
..\source\main.c(64): warning:  #550-D: variable "led" was set but never used
compiling stm32f10x_it.c...
compiling rcc.c...
compiling nvic.c...
compiling gpio.c...
compiling systick.c...
compiling fsmc_lcd.c...
..\source\fsmc_lcd.h(6): error:  #20: identifier "uint32_t" is undefined
compiling lcd.c...
..\source\fsmc_lcd.h(6): error:  #20: identifier "uint32_t" is undefined
error type>(196): error:  #20: identifier "color1" is undefined
Target not created
Build target 'stm32'
assembling cortexm3_macro.s...
assembling stm32f10x_vector.s...
compiling stm32f10x_adc.c...
compiling stm32f10x_bkp.c...
compiling stm32f10x_can.c...
compiling stm32f10x_crc.c...
compiling stm32f10x_dac.c...
compiling stm32f10x_dbgmcu.c...
compiling stm32f10x_dma.c...
compiling stm32f10x_exti.c...
compiling stm32f10x_flash.c...
compiling stm32f10x_fsmc.c...
compiling stm32f10x_gpio.c...
compiling stm32f10x_i2c.c...
compiling stm32f10x_iwdg.c...
compiling stm32f10x_lib.c...
compiling stm32f10x_nvic.c...
compiling stm32f10x_pwr.c...
compiling stm32f10x_rcc.c...
compiling stm32f10x_rtc.c...
compiling stm32f10x_sdio.c...
compiling stm32f10x_spi.c...
compiling stm32f10x_systick.c...
compiling stm32f10x_tim.c...
compiling stm32f10x_usart.c...
compiling stm32f10x_wwdg.c...
compiling main.c...
..\source\main.c(64): warning:  #550-D: variable "led" was set but never used
compiling stm32f10x_it.c...
compiling rcc.c...
compiling nvic.c...
compiling gpio.c...
compiling systick.c...
compiling fsmc_lcd.c...
compiling lcd.c...
..\source\lcd.c(196): error:  #20: identifier "color1" is undefined
Target not created
Build target 'stm32'
assembling cortexm3_macro.s...
assembling stm32f10x_vector.s...
compiling stm32f10x_adc.c...
compiling stm32f10x_bkp.c...
compiling stm32f10x_can.c...
compiling stm32f10x_crc.c...
compiling stm32f10x_dac.c...
compiling stm32f10x_dbgmcu.c...
compiling stm32f10x_dma.c...
compiling stm32f10x_exti.c...
compiling stm32f10x_flash.c...
compiling stm32f10x_fsmc.c...
compiling stm32f10x_gpio.c...
compiling stm32f10x_i2c.c...
compiling stm32f10x_iwdg.c...
compiling stm32f10x_lib.c...
compiling stm32f10x_nvic.c...
compiling stm32f10x_pwr.c...
compiling stm32f10x_rcc.c...
compiling stm32f10x_rtc.c...
compiling stm32f10x_sdio.c...
compiling stm32f10x_spi.c...
compiling stm32f10x_systick.c...
compiling stm32f10x_tim.c...
compiling stm32f10x_usart.c...
compiling stm32f10x_wwdg.c...
compiling main.c...
..\source\main.c(64): warning:  #550-D: variable "led" was set but never used
compiling stm32f10x_it.c...
compiling rcc.c...
compiling nvic.c...
compiling gpio.c...
compiling systick.c...
compiling fsmc_lcd.c...
compiling lcd.c...
linking...
Program Size: Code=10398 RO-data=1382 RW-data=24 ZI-data=2144  
FromELF: creating hex file...
"stm32.axf" - 0 Error(s), 1 Warning(s).
Load "F:\\Dean\\lcd\\project\\stm32.AXF" 

JLink info:
-----------
DLL: V4.08b, compiled Jun 30 2009 19:10:31
Firmware: J-Link ARM V8 compiled Dec  1 2009 11:42:48
Hardware: V8.00
S/N : 20100214 
Feature(s) : RDI,FlashDL,FlashBP,JFlash,GDBFull 
---
* JLink Info: TotalIRLen = 9, IRPrint = 0x0011
* JLink Info: Found Cortex-M3 r1p1, Little endian.
* JLink Info: TPIU fitted.
* JLink Info: ETM fitted.
* JLink Info:   FPUnit: 6 code (BP) slots and 2 literal slots

Target info:
------------
Device: STM32F103ZE
VTarget = 3.287V
State of Pins: 
TCK: 1, TDI: 0, TDO: 0, TMS: 0, TRES: 1, TRST: 1
* JLink Info: TotalIRLen = 9, IRPrint = 0x0011
* JLink Info: Found Cortex-M3 r1p1, Little endian.
* JLink Info: TPIU fitted.
* JLink Info: ETM fitted.
* JLink Info:   FPUnit: 6 code (BP) slots and 2 literal slots
Hardware-Breakpoints: 6
Software-Breakpoints: 2048
Watchpoints:          4
JTAG speed: 2000 kHz
---
* JLink Info: TotalIRLen = 9, IRPrint = 0x0011
* JLink Info: Found Cortex-M3 r1p1, Little endian.
* JLink Info: TPIU fitted.
* JLink Info: ETM fitted.
* JLink Info:   FPUnit: 6 code (BP) slots and 2 literal slots
Full Chip Erase Done.
Programming Done.
Verify OK.
* JLink Info: TotalIRLen = 9, IRPrint = 0x0011
* JLink Info: Found Cortex-M3 r1p1, Little endian.
* JLink Info: TPIU fitted.
* JLink Info: ETM fitted.
* JLink Info:   FPUnit: 6 code (BP) slots and 2 literal slots
Application running ...
Build target 'stm32'
assembling cortexm3_macro.s...
assembling stm32f10x_vector.s...
compiling stm32f10x_adc.c...
compiling stm32f10x_bkp.c...
compiling stm32f10x_can.c...
compiling stm32f10x_crc.c...
compiling stm32f10x_dac.c...
compiling stm32f10x_dbgmcu.c...
compiling stm32f10x_dma.c...
compiling stm32f10x_exti.c...
compiling stm32f10x_flash.c...
compiling stm32f10x_fsmc.c...
compiling stm32f10x_gpio.c...
compiling stm32f10x_i2c.c...
compiling stm32f10x_iwdg.c...
compiling stm32f10x_lib.c...
compiling stm32f10x_nvic.c...
compiling stm32f10x_pwr.c...
compiling stm32f10x_rcc.c...
compiling stm32f10x_rtc.c...
compiling stm32f10x_sdio.c...
compiling stm32f10x_spi.c...
compiling stm32f10x_systick.c...
compiling stm32f10x_tim.c...
compiling stm32f10x_usart.c...
compiling stm32f10x_wwdg.c...
compiling main.c...
..\source\main.c(76): warning:  #177-D: variable "temp" was declared but never referenced
..\source\main.c(64): warning:  #550-D: variable "led" was set but never used
compiling stm32f10x_it.c...
compiling rcc.c...
compiling nvic.c...
compiling gpio.c...
compiling systick.c...
compiling fsmc_lcd.c...
compiling lcd.c...
linking...
Program Size: Code=10382 RO-data=358 RW-data=24 ZI-data=2144  
FromELF: creating hex file...
"stm32.axf" - 0 Error(s), 2 Warning(s).
Load "F:\\Dean\\lcd\\project\\stm32.AXF" 

JLink info:
-----------
DLL: V4.08b, compiled Jun 30 2009 19:10:31
Firmware: J-Link ARM V8 compiled Dec  1 2009 11:42:48
Hardware: V8.00
S/N : 20100214 
Feature(s) : RDI,FlashDL,FlashBP,JFlash,GDBFull 
---
* JLink Info: TotalIRLen = 9, IRPrint = 0x0011
* JLink Info: Found Cortex-M3 r1p1, Little endian.
* JLink Info: TPIU fitted.
* JLink Info: ETM fitted.
* JLink Info:   FPUnit: 6 code (BP) slots and 2 literal slots

Target info:
------------
Device: STM32F103ZE
VTarget = 3.132V
State of Pins: 
TCK: 1, TDI: 0, TDO: 0, TMS: 0, TRES: 1, TRST: 1
* JLink Info: TotalIRLen = 9, IRPrint = 0x0011
* JLink Info: Found Cortex-M3 r1p1, Little endian.
* JLink Info: TPIU fitted.
* JLink Info: ETM fitted.
* JLink Info:   FPUnit: 6 code (BP) slots and 2 literal slots
Hardware-Breakpoints: 6
Software-Breakpoints: 2048
Watchpoints:          4
JTAG speed: 2000 kHz
---
* JLink Info: TotalIRLen = 9, IRPrint = 0x0011
* JLink Info: Found Cortex-M3 r1p1, Little endian.
* JLink Info: TPIU fitted.
* JLink Info: ETM fitted.
* JLink Info:   FPUnit: 6 code (BP) slots and 2 literal slots
Full Chip Erase Done.
Programming Done.
Verify OK.
* JLink Info: TotalIRLen = 9, IRPrint = 0x0011
* JLink Info: Found Cortex-M3 r1p1, Little endian.
* JLink Info: TPIU fitted.
* JLink Info: ETM fitted.
* JLink Info:   FPUnit: 6 code (BP) slots and 2 literal slots
Application running ...
Build target 'stm32'
assembling cortexm3_macro.s...
assembling stm32f10x_vector.s...
compiling stm32f10x_adc.c...
compiling stm32f10x_bkp.c...
compiling stm32f10x_can.c...
compiling stm32f10x_crc.c...
compiling stm32f10x_dac.c...
compiling stm32f10x_dbgmcu.c...
compiling stm32f10x_dma.c...
compiling stm32f10x_exti.c...
compiling stm32f10x_flash.c...
compiling stm32f10x_fsmc.c...
compiling stm32f10x_gpio.c...
compiling stm32f10x_i2c.c...
compiling stm32f10x_iwdg.c...
compiling stm32f10x_lib.c...
compiling stm32f10x_nvic.c...
compiling stm32f10x_pwr.c...
compiling stm32f10x_rcc.c...
compiling stm32f10x_rtc.c...
compiling stm32f10x_sdio.c...
compiling stm32f10x_spi.c...
compiling stm32f10x_systick.c...
compiling stm32f10x_tim.c...
compiling stm32f10x_usart.c...
compiling stm32f10x_wwdg.c...
compiling main.c...
..\source\main.c(76): warning:  #177-D: variable "temp" was declared but never referenced
..\source\main.c(64): warning:  #550-D: variable "led" was set but never used
compiling stm32f10x_it.c...
compiling rcc.c...
compiling nvic.c...
compiling gpio.c...
compiling systick.c...
compiling fsmc_lcd.c...
compiling lcd.c...
linking...
Program Size: Code=10446 RO-data=358 RW-data=24 ZI-data=2144  
FromELF: creating hex file...
"stm32.axf" - 0 Error(s), 2 Warning(s).
Load "F:\\Dean\\lcd\\project\\stm32.AXF" 

JLink info:
-----------
DLL: V4.08b, compiled Jun 30 2009 19:10:31
Firmware: J-Link ARM V8 compiled Dec  1 2009 11:42:48
Hardware: V8.00
S/N : 20100214 
Feature(s) : RDI,FlashDL,FlashBP,JFlash,GDBFull 
---
* JLink Info: TotalIRLen = 9, IRPrint = 0x0011
* JLink Info: Found Cortex-M3 r1p1, Little endian.
* JLink Info: TPIU fitted.
* JLink Info: ETM fitted.
* JLink Info:   FPUnit: 6 code (BP) slots and 2 literal slots

Target info:
------------
Device: STM32F103ZE
VTarget = 3.151V
State of Pins: 
TCK: 1, TDI: 0, TDO: 0, TMS: 0, TRES: 1, TRST: 1
* JLink Info: TotalIRLen = 9, IRPrint = 0x0011
* JLink Info: Found Cortex-M3 r1p1, Little endian.
* JLink Info: TPIU fitted.
* JLink Info: ETM fitted.
* JLink Info:   FPUnit: 6 code (BP) slots and 2 literal slots
Hardware-Breakpoints: 6
Software-Breakpoints: 2048
Watchpoints:          4
JTAG speed: 2000 kHz
---
* JLink Info: TotalIRLen = 9, IRPrint = 0x0011
* JLink Info: Found Cortex-M3 r1p1, Little endian.
* JLink Info: TPIU fitted.
* JLink Info: ETM fitted.
* JLink Info:   FPUnit: 6 code (BP) slots and 2 literal slots
Full Chip Erase Done.
Programming Done.
Verify OK.
* JLink Info: TotalIRLen = 9, IRPrint = 0x0011
* JLink Info: Found Cortex-M3 r1p1, Little endian.
* JLink Info: TPIU fitted.
* JLink Info: ETM fitted.
* JLink Info:   FPUnit: 6 code (BP) slots and 2 literal slots
Application running ...
Build target 'stm32'
assembling cortexm3_macro.s...
assembling stm32f10x_vector.s...
compiling stm32f10x_adc.c...
compiling stm32f10x_bkp.c...
compiling stm32f10x_can.c...
compiling stm32f10x_crc.c...
compiling stm32f10x_dac.c...
compiling stm32f10x_dbgmcu.c...
compiling stm32f10x_dma.c...
compiling stm32f10x_exti.c...
compiling stm32f10x_flash.c...
compiling stm32f10x_fsmc.c...
compiling stm32f10x_gpio.c...
compiling stm32f10x_i2c.c...
compiling stm32f10x_iwdg.c...
compiling stm32f10x_lib.c...
compiling stm32f10x_nvic.c...
compiling stm32f10x_pwr.c...
compiling stm32f10x_rcc.c...
compiling stm32f10x_rtc.c...
compiling stm32f10x_sdio.c...
compiling stm32f10x_spi.c...
compiling stm32f10x_systick.c...
compiling stm32f10x_tim.c...
compiling stm32f10x_usart.c...
compiling stm32f10x_wwdg.c...
compiling main.c...
..\source\main.c(77): warning:  #223-D: function "Delay" declared implicitly
..\source\main.c(79): error:  #268: declaration may not appear after executable statement in block
..\source\main.c(80): error:  #268: declaration may not appear after executable statement in block
..\source\main.c(79): warning:  #177-D: variable "temp" was declared but never referenced
..\source\main.c(64): warning:  #550-D: variable "led" was set but never used
compiling stm32f10x_it.c...
compiling rcc.c...
compiling nvic.c...
compiling gpio.c...
compiling systick.c...
compiling fsmc_lcd.c...
compiling lcd.c...
Target not created
Build target 'stm32'
assembling cortexm3_macro.s...
assembling stm32f10x_vector.s...
compiling stm32f10x_adc.c...
compiling stm32f10x_bkp.c...
compiling stm32f10x_can.c...
compiling stm32f10x_crc.c...
compiling stm32f10x_dac.c...
compiling stm32f10x_dbgmcu.c...
compiling stm32f10x_dma.c...
compiling stm32f10x_exti.c...
compiling stm32f10x_flash.c...
compiling stm32f10x_fsmc.c...
compiling stm32f10x_gpio.c...
compiling stm32f10x_i2c.c...
compiling stm32f10x_iwdg.c...
compiling stm32f10x_lib.c...
compiling stm32f10x_nvic.c...
compiling stm32f10x_pwr.c...
compiling stm32f10x_rcc.c...
compiling stm32f10x_rtc.c...
compiling stm32f10x_sdio.c...
compiling stm32f10x_spi.c...
compiling stm32f10x_systick.c...
compiling stm32f10x_tim.c...
compiling stm32f10x_usart.c...
compiling stm32f10x_wwdg.c...
compiling main.c...
..\source\main.c(80): error:  #268: declaration may not appear after executable statement in block
..\source\main.c(81): error:  #268: declaration may not appear after executable statement in block
..\source\main.c(80): warning:  #177-D: variable "temp" was declared but never referenced
..\source\main.c(65): warning:  #550-D: variable "led" was set but never used
compiling stm32f10x_it.c...
compiling rcc.c...
compiling nvic.c...
compiling gpio.c...
compiling systick.c...
compiling fsmc_lcd.c...
compiling lcd.c...
Target not created
Build target 'stm32'
assembling cortexm3_macro.s...
assembling stm32f10x_vector.s...
compiling stm32f10x_adc.c...
compiling stm32f10x_bkp.c...
compiling stm32f10x_can.c...
compiling stm32f10x_crc.c...
compiling stm32f10x_dac.c...
compiling stm32f10x_dbgmcu.c...
compiling stm32f10x_dma.c...
compiling stm32f10x_exti.c...
compiling stm32f10x_flash.c...
compiling stm32f10x_fsmc.c...
compiling stm32f10x_gpio.c...
compiling stm32f10x_i2c.c...
compiling stm32f10x_iwdg.c...
compiling stm32f10x_lib.c...
compiling stm32f10x_nvic.c...
compiling stm32f10x_pwr.c...
compiling stm32f10x_rcc.c...
compiling stm32f10x_rtc.c...
compiling stm32f10x_sdio.c...
compiling stm32f10x_spi.c...
compiling stm32f10x_systick.c...
compiling stm32f10x_tim.c...
compiling stm32f10x_usart.c...
compiling stm32f10x_wwdg.c...
compiling main.c...
..\source\main.c(77): warning:  #177-D: variable "temp" was declared but never referenced
..\source\main.c(65): warning:  #550-D: variable "led" was set but never used
compiling stm32f10x_it.c...
compiling rcc.c...
compiling nvic.c...
compiling gpio.c...
compiling systick.c...
compiling fsmc_lcd.c...
compiling lcd.c...
linking...
Program Size: Code=10482 RO-data=358 RW-data=24 ZI-data=2144  
FromELF: creating hex file...
"stm32.axf" - 0 Error(s), 2 Warning(s).
Load "F:\\Dean\\lcd\\project\\stm32.AXF" 

JLink info:
-----------
DLL: V4.08b, compiled Jun 30 2009 19:10:31
Firmware: J-Link ARM V8 compiled Dec  1 2009 11:42:48
Hardware: V8.00
S/N : 20100214 
Feature(s) : RDI,FlashDL,FlashBP,JFlash,GDBFull 
---
* JLink Info: TotalIRLen = 9, IRPrint = 0x0011
* JLink Info: Found Cortex-M3 r1p1, Little endian.
* JLink Info: TPIU fitted.
* JLink Info: ETM fitted.
* JLink Info:   FPUnit: 6 code (BP) slots and 2 literal slots

Target info:
------------
Device: STM32F103ZE
VTarget = 3.170V
State of Pins: 
TCK: 1, TDI: 0, TDO: 0, TMS: 0, TRES: 1, TRST: 1
* JLink Info: TotalIRLen = 9, IRPrint = 0x0011
* JLink Info: Found Cortex-M3 r1p1, Little endian.
* JLink Info: TPIU fitted.
* JLink Info: ETM fitted.
* JLink Info:   FPUnit: 6 code (BP) slots and 2 literal slots
Hardware-Breakpoints: 6
Software-Breakpoints: 2048
Watchpoints:          4
JTAG speed: 2000 kHz
---
* JLink Info: TotalIRLen = 9, IRPrint = 0x0011
* JLink Info: Found Cortex-M3 r1p1, Little endian.
* JLink Info: TPIU fitted.
* JLink Info: ETM fitted.
* JLink Info:   FPUnit: 6 code (BP) slots and 2 literal slots
Full Chip Erase Done.
Programming Done.
Verify OK.
* JLink Info: TotalIRLen = 9, IRPrint = 0x0011
* JLink Info: Found Cortex-M3 r1p1, Little endian.
* JLink Info: TPIU fitted.
* JLink Info: ETM fitted.
* JLink Info:   FPUnit: 6 code (BP) slots and 2 literal slots
Application running ...
Build target 'stm32'
assembling cortexm3_macro.s...
assembling stm32f10x_vector.s...
compiling stm32f10x_adc.c...
compiling stm32f10x_bkp.c...
compiling stm32f10x_can.c...
compiling stm32f10x_crc.c...
compiling stm32f10x_dac.c...
compiling stm32f10x_dbgmcu.c...
compiling stm32f10x_dma.c...
compiling stm32f10x_exti.c...
compiling stm32f10x_flash.c...
compiling stm32f10x_fsmc.c...
compiling stm32f10x_gpio.c...
compiling stm32f10x_i2c.c...
compiling stm32f10x_iwdg.c...
compiling stm32f10x_lib.c...
compiling stm32f10x_nvic.c...
compiling stm32f10x_pwr.c...
compiling stm32f10x_rcc.c...
compiling stm32f10x_rtc.c...
compiling stm32f10x_sdio.c...
compiling stm32f10x_spi.c...
compiling stm32f10x_systick.c...
compiling stm32f10x_tim.c...
compiling stm32f10x_usart.c...
compiling stm32f10x_wwdg.c...
compiling main.c...
..\source\main.c(67): warning:  #550-D: variable "led" was set but never used
..\source\main.c(94): warning:  #177-D: variable "temp" was declared but never referenced
..\source\main.c(95): warning:  #177-D: variable "p" was declared but never referenced
compiling stm32f10x_it.c...
compiling rcc.c...
compiling nvic.c...
compiling gpio.c...
compiling systick.c...
compiling fsmc_lcd.c...
compiling lcd.c...
linking...
Program Size: Code=10550 RO-data=358 RW-data=24 ZI-data=2144  
FromELF: creating hex file...
"stm32.axf" - 0 Error(s), 3 Warning(s).
Load "F:\\Dean\\lcd\\project\\stm32.AXF" 

JLink info:
-----------
DLL: V4.08b, compiled Jun 30 2009 19:10:31
Firmware: J-Link ARM V8 compiled Dec  1 2009 11:42:48
Hardware: V8.00
S/N : 20100214 
Feature(s) : RDI,FlashDL,FlashBP,JFlash,GDBFull 
---
* JLink Info: TotalIRLen = 9, IRPrint = 0x0011
* JLink Info: Found Cortex-M3 r1p1, Little endian.
* JLink Info: TPIU fitted.
* JLink Info: ETM fitted.
* JLink Info:   FPUnit: 6 code (BP) slots and 2 literal slots

Target info:
------------
Device: STM32F103ZE
VTarget = 3.183V
State of Pins: 
TCK: 1, TDI: 0, TDO: 0, TMS: 0, TRES: 1, TRST: 1
* JLink Info: TotalIRLen = 9, IRPrint = 0x0011
* JLink Info: Found Cortex-M3 r1p1, Little endian.
* JLink Info: TPIU fitted.
* JLink Info: ETM fitted.
* JLink Info:   FPUnit: 6 code (BP) slots and 2 literal slots
Hardware-Breakpoints: 6
Software-Breakpoints: 2048
Watchpoints:          4
JTAG speed: 2000 kHz
---
* JLink Info: TotalIRLen = 9, IRPrint = 0x0011
* JLink Info: Found Cortex-M3 r1p1, Little endian.
* JLink Info: TPIU fitted.
* JLink Info: ETM fitted.
* JLink Info:   FPUnit: 6 code (BP) slots and 2 literal slots
Full Chip Erase Done.
Programming Done.
Verify OK.
* JLink Info: TotalIRLen = 9, IRPrint = 0x0011
* JLink Info: Found Cortex-M3 r1p1, Little endian.
* JLink Info: TPIU fitted.
* JLink Info: ETM fitted.
* JLink Info:   FPUnit: 6 code (BP) slots and 2 literal slots
Application running ...
Build target 'stm32'
assembling cortexm3_macro.s...
assembling stm32f10x_vector.s...
compiling stm32f10x_adc.c...
compiling stm32f10x_bkp.c...
compiling stm32f10x_can.c...
compiling stm32f10x_crc.c...
compiling stm32f10x_dac.c...
compiling stm32f10x_dbgmcu.c...
compiling stm32f10x_dma.c...
compiling stm32f10x_exti.c...
compiling stm32f10x_flash.c...
compiling stm32f10x_fsmc.c...
compiling stm32f10x_gpio.c...
compiling stm32f10x_i2c.c...
compiling stm32f10x_iwdg.c...
compiling stm32f10x_lib.c...
compiling stm32f10x_nvic.c...
compiling stm32f10x_pwr.c...
compiling stm32f10x_rcc.c...
compiling stm32f10x_rtc.c...
compiling stm32f10x_sdio.c...
compiling stm32f10x_spi.c...
compiling stm32f10x_systick.c...
compiling stm32f10x_tim.c...
compiling stm32f10x_usart.c...
compiling stm32f10x_wwdg.c...
compiling main.c...
..\source\main.c(67): warning:  #550-D: variable "led" was set but never used
..\source\main.c(95): warning:  #177-D: variable "temp" was declared but never referenced
..\source\main.c(96): warning:  #177-D: variable "p" was declared but never referenced
compiling stm32f10x_it.c...
compiling rcc.c...
compiling nvic.c...
compiling gpio.c...
compiling systick.c...
compiling fsmc_lcd.c...
compiling lcd.c...
linking...
Program Size: Code=10550 RO-data=358 RW-data=24 ZI-data=2144  
FromELF: creating hex file...
"stm32.axf" - 0 Error(s), 3 Warning(s).
Load "F:\\Dean\\lcd\\project\\stm32.AXF" 

JLink info:
-----------
DLL: V4.08b, compiled Jun 30 2009 19:10:31
Firmware: J-Link ARM V8 compiled Dec  1 2009 11:42:48
Hardware: V8.00
S/N : 20100214 
Feature(s) : RDI,FlashDL,FlashBP,JFlash,GDBFull 
---
* JLink Info: TotalIRLen = 9, IRPrint = 0x0011
* JLink Info: Found Cortex-M3 r1p1, Little endian.
* JLink Info: TPIU fitted.
* JLink Info: ETM fitted.
* JLink Info:   FPUnit: 6 code (BP) slots and 2 literal slots

Target info:
------------
Device: STM32F103ZE
VTarget = 3.144V
State of Pins: 
TCK: 1, TDI: 0, TDO: 0, TMS: 0, TRES: 1, TRST: 1
* JLink Info: TotalIRLen = 9, IRPrint = 0x0011
* JLink Info: Found Cortex-M3 r1p1, Little endian.
* JLink Info: TPIU fitted.
* JLink Info: ETM fitted.
* JLink Info:   FPUnit: 6 code (BP) slots and 2 literal slots
Hardware-Breakpoints: 6
Software-Breakpoints: 2048
Watchpoints:          4
JTAG speed: 2000 kHz
---
* JLink Info: TotalIRLen = 9, IRPrint = 0x0011
* JLink Info: Found Cortex-M3 r1p1, Little endian.
* JLink Info: TPIU fitted.
* JLink Info: ETM fitted.
* JLink Info:   FPUnit: 6 code (BP) slots and 2 literal slots
Full Chip Erase Done.
Programming Done.
Verify OK.
* JLink Info: TotalIRLen = 9, IRPrint = 0x0011
* JLink Info: Found Cortex-M3 r1p1, Little endian.
* JLink Info: TPIU fitted.
* JLink Info: ETM fitted.
* JLink Info:   FPUnit: 6 code (BP) slots and 2 literal slots
Application running ...
Build target 'stm32'
assembling cortexm3_macro.s...
assembling stm32f10x_vector.s...
compiling stm32f10x_adc.c...
compiling stm32f10x_bkp.c...
compiling stm32f10x_can.c...
compiling stm32f10x_crc.c...
compiling stm32f10x_dac.c...
compiling stm32f10x_dbgmcu.c...
compiling stm32f10x_dma.c...
compiling stm32f10x_exti.c...
compiling stm32f10x_flash.c...
compiling stm32f10x_fsmc.c...
compiling stm32f10x_gpio.c...
compiling stm32f10x_i2c.c...
compiling stm32f10x_iwdg.c...
compiling stm32f10x_lib.c...
compiling stm32f10x_nvic.c...
compiling stm32f10x_pwr.c...
compiling stm32f10x_rcc.c...
compiling stm32f10x_rtc.c...
compiling stm32f10x_sdio.c...
compiling stm32f10x_spi.c...
compiling stm32f10x_systick.c...
compiling stm32f10x_tim.c...
compiling stm32f10x_usart.c...
compiling stm32f10x_wwdg.c...
compiling main.c...
..\source\main.c(67): warning:  #550-D: variable "led" was set but never used
..\source\main.c(96): warning:  #177-D: variable "temp" was declared but never referenced
..\source\main.c(97): warning:  #177-D: variable "p" was declared but never referenced
compiling stm32f10x_it.c...
compiling rcc.c...
compiling nvic.c...
compiling gpio.c...
compiling systick.c...
compiling fsmc_lcd.c...
compiling lcd.c...
linking...
Program Size: Code=10554 RO-data=358 RW-data=24 ZI-data=2144  
FromELF: creating hex file...
"stm32.axf" - 0 Error(s), 3 Warning(s).
Load "F:\\Dean\\lcd\\project\\stm32.AXF" 

JLink info:
-----------
DLL: V4.08b, compiled Jun 30 2009 19:10:31
Firmware: J-Link ARM V8 compiled Dec  1 2009 11:42:48
Hardware: V8.00
S/N : 20100214 
Feature(s) : RDI,FlashDL,FlashBP,JFlash,GDBFull 
---
* JLink Info: TotalIRLen = 9, IRPrint = 0x0011
* JLink Info: Found Cortex-M3 r1p1, Little endian.
* JLink Info: TPIU fitted.
* JLink Info: ETM fitted.
* JLink Info:   FPUnit: 6 code (BP) slots and 2 literal slots

Target info:
------------
Device: STM32F103ZE
VTarget = 3.151V
State of Pins: 
TCK: 1, TDI: 0, TDO: 0, TMS: 0, TRES: 1, TRST: 1
* JLink Info: TotalIRLen = 9, IRPrint = 0x0011
* JLink Info: Found Cortex-M3 r1p1, Little endian.
* JLink Info: TPIU fitted.
* JLink Info: ETM fitted.
* JLink Info:   FPUnit: 6 code (BP) slots and 2 literal slots
Hardware-Breakpoints: 6
Software-Breakpoints: 2048
Watchpoints:          4
JTAG speed: 2000 kHz
---
* JLink Info: TotalIRLen = 9, IRPrint = 0x0011
* JLink Info: Found Cortex-M3 r1p1, Little endian.
* JLink Info: TPIU fitted.
* JLink Info: ETM fitted.
* JLink Info:   FPUnit: 6 code (BP) slots and 2 literal slots
Full Chip Erase Done.
Programming Done.
Verify OK.
* JLink Info: TotalIRLen = 9, IRPrint = 0x0011
* JLink Info: Found Cortex-M3 r1p1, Little endian.
* JLink Info: TPIU fitted.
* JLink Info: ETM fitted.
* JLink Info:   FPUnit: 6 code (BP) slots and 2 literal slots
Application running ...
Build target 'stm32'
assembling cortexm3_macro.s...
assembling stm32f10x_vector.s...
compiling stm32f10x_adc.c...
compiling stm32f10x_bkp.c...
compiling stm32f10x_can.c...
compiling stm32f10x_crc.c...
compiling stm32f10x_dac.c...
compiling stm32f10x_dbgmcu.c...
compiling stm32f10x_dma.c...
compiling stm32f10x_exti.c...
compiling stm32f10x_flash.c...
compiling stm32f10x_fsmc.c...
compiling stm32f10x_gpio.c...
compiling stm32f10x_i2c.c...
compiling stm32f10x_iwdg.c...
compiling stm32f10x_lib.c...
compiling stm32f10x_nvic.c...
compiling stm32f10x_pwr.c...
compiling stm32f10x_rcc.c...
compiling stm32f10x_rtc.c...
compiling stm32f10x_sdio.c...
compiling stm32f10x_spi.c...
compiling stm32f10x_systick.c...
compiling stm32f10x_tim.c...
compiling stm32f10x_usart.c...
compiling stm32f10x_wwdg.c...
compiling main.c...
..\source\main.c(67): warning:  #550-D: variable "led" was set but never used
..\source\main.c(96): warning:  #177-D: variable "temp" was declared but never referenced
..\source\main.c(97): warning:  #177-D: variable "p" was declared but never referenced
compiling stm32f10x_it.c...
compiling rcc.c...
compiling nvic.c...
compiling gpio.c...
compiling systick.c...
compiling fsmc_lcd.c...
compiling lcd.c...
linking...
Program Size: Code=10494 RO-data=358 RW-data=24 ZI-data=2144  
FromELF: creating hex file...
"stm32.axf" - 0 Error(s), 3 Warning(s).
Load "F:\\Dean\\lcd\\project\\stm32.AXF" 

JLink info:
-----------
DLL: V4.08b, compiled Jun 30 2009 19:10:31
Firmware: J-Link ARM V8 compiled Dec  1 2009 11:42:48
Hardware: V8.00
S/N : 20100214 
Feature(s) : RDI,FlashDL,FlashBP,JFlash,GDBFull 
---
* JLink Info: TotalIRLen = 9, IRPrint = 0x0011
* JLink Info: Found Cortex-M3 r1p1, Little endian.
* JLink Info: TPIU fitted.
* JLink Info: ETM fitted.
* JLink Info:   FPUnit: 6 code (BP) slots and 2 literal slots

Target info:
------------
Device: STM32F103ZE
VTarget = 3.151V
State of Pins: 
TCK: 1, TDI: 0, TDO: 0, TMS: 0, TRES: 1, TRST: 1
* JLink Info: TotalIRLen = 9, IRPrint = 0x0011
* JLink Info: Found Cortex-M3 r1p1, Little endian.
* JLink Info: TPIU fitted.
* JLink Info: ETM fitted.
* JLink Info:   FPUnit: 6 code (BP) slots and 2 literal slots
Hardware-Breakpoints: 6
Software-Breakpoints: 2048
Watchpoints:          4
JTAG speed: 2000 kHz
---
* JLink Info: TotalIRLen = 9, IRPrint = 0x0011
* JLink Info: Found Cortex-M3 r1p1, Little endian.
* JLink Info: TPIU fitted.
* JLink Info: ETM fitted.
* JLink Info:   FPUnit: 6 code (BP) slots and 2 literal slots
Full Chip Erase Done.
Programming Done.
Verify OK.
* JLink Info: TotalIRLen = 9, IRPrint = 0x0011
* JLink Info: Found Cortex-M3 r1p1, Little endian.
* JLink Info: TPIU fitted.
* JLink Info: ETM fitted.
* JLink Info:   FPUnit: 6 code (BP) slots and 2 literal slots
Application running ...
Build target 'stm32'
assembling cortexm3_macro.s...
assembling stm32f10x_vector.s...
compiling stm32f10x_adc.c...
compiling stm32f10x_bkp.c...
compiling stm32f10x_can.c...
compiling stm32f10x_crc.c...
compiling stm32f10x_dac.c...
compiling stm32f10x_dbgmcu.c...
compiling stm32f10x_dma.c...
compiling stm32f10x_exti.c...
compiling stm32f10x_flash.c...
compiling stm32f10x_fsmc.c...
compiling stm32f10x_gpio.c...
compiling stm32f10x_i2c.c...
compiling stm32f10x_iwdg.c...
compiling stm32f10x_lib.c...
compiling stm32f10x_nvic.c...
compiling stm32f10x_pwr.c...
compiling stm32f10x_rcc.c...
compiling stm32f10x_rtc.c...
compiling stm32f10x_sdio.c...
compiling stm32f10x_spi.c...
compiling stm32f10x_systick.c...
compiling stm32f10x_tim.c...
compiling stm32f10x_usart.c...
compiling stm32f10x_wwdg.c...
compiling main.c...
..\source\main.c(67): warning:  #550-D: variable "led" was set but never used
..\source\main.c(97): warning:  #177-D: variable "temp" was declared but never referenced
..\source\main.c(98): warning:  #177-D: variable "p" was declared but never referenced
compiling stm32f10x_it.c...
compiling rcc.c...
compiling nvic.c...
compiling gpio.c...
compiling systick.c...
compiling fsmc_lcd.c...
compiling lcd.c...
linking...
Program Size: Code=10502 RO-data=358 RW-data=24 ZI-data=2144  
FromELF: creating hex file...
"stm32.axf" - 0 Error(s), 3 Warning(s).
Load "F:\\Dean\\lcd\\project\\stm32.AXF" 

JLink info:
-----------
DLL: V4.08b, compiled Jun 30 2009 19:10:31
Firmware: J-Link ARM V8 compiled Dec  1 2009 11:42:48
Hardware: V8.00
S/N : 20100214 
Feature(s) : RDI,FlashDL,FlashBP,JFlash,GDBFull 
---
* JLink Info: TotalIRLen = 9, IRPrint = 0x0011
* JLink Info: Found Cortex-M3 r1p1, Little endian.
* JLink Info: TPIU fitted.
* JLink Info: ETM fitted.
* JLink Info:   FPUnit: 6 code (BP) slots and 2 literal slots

Target info:
------------
Device: STM32F103ZE
VTarget = 3.177V
State of Pins: 
TCK: 1, TDI: 0, TDO: 0, TMS: 0, TRES: 1, TRST: 1
* JLink Info: TotalIRLen = 9, IRPrint = 0x0011
* JLink Info: Found Cortex-M3 r1p1, Little endian.
* JLink Info: TPIU fitted.
* JLink Info: ETM fitted.
* JLink Info:   FPUnit: 6 code (BP) slots and 2 literal slots
Hardware-Breakpoints: 6
Software-Breakpoints: 2048
Watchpoints:          4
JTAG speed: 2000 kHz
---
* JLink Info: TotalIRLen = 9, IRPrint = 0x0011
* JLink Info: Found Cortex-M3 r1p1, Little endian.
* JLink Info: TPIU fitted.
* JLink Info: ETM fitted.
* JLink Info:   FPUnit: 6 code (BP) slots and 2 literal slots
Full Chip Erase Done.
Programming Done.
Verify OK.
* JLink Info: TotalIRLen = 9, IRPrint = 0x0011
* JLink Info: Found Cortex-M3 r1p1, Little endian.
* JLink Info: TPIU fitted.
* JLink Info: ETM fitted.
* JLink Info:   FPUnit: 6 code (BP) slots and 2 literal slots
Application running ...
Build target 'stm32'
assembling cortexm3_macro.s...
assembling stm32f10x_vector.s...
compiling stm32f10x_adc.c...
compiling stm32f10x_bkp.c...
compiling stm32f10x_can.c...
compiling stm32f10x_crc.c...
compiling stm32f10x_dac.c...
compiling stm32f10x_dbgmcu.c...
compiling stm32f10x_dma.c...
compiling stm32f10x_exti.c...
compiling stm32f10x_flash.c...
compiling stm32f10x_fsmc.c...
compiling stm32f10x_gpio.c...
compiling stm32f10x_i2c.c...
compiling stm32f10x_iwdg.c...
compiling stm32f10x_lib.c...
compiling stm32f10x_nvic.c...
compiling stm32f10x_pwr.c...
compiling stm32f10x_rcc.c...
compiling stm32f10x_rtc.c...
compiling stm32f10x_sdio.c...
compiling stm32f10x_spi.c...
compiling stm32f10x_systick.c...
compiling stm32f10x_tim.c...
compiling stm32f10x_usart.c...
compiling stm32f10x_wwdg.c...
compiling main.c...
..\source\main.c(67): warning:  #550-D: variable "led" was set but never used
..\source\main.c(97): warning:  #177-D: variable "temp" was declared but never referenced
..\source\main.c(98): warning:  #177-D: variable "p" was declared but never referenced
compiling stm32f10x_it.c...
compiling rcc.c...
compiling nvic.c...
compiling gpio.c...
compiling systick.c...
compiling fsmc_lcd.c...
compiling lcd.c...
linking...
Program Size: Code=10498 RO-data=358 RW-data=24 ZI-data=2144  
FromELF: creating hex file...
"stm32.axf" - 0 Error(s), 3 Warning(s).
Load "F:\\Dean\\lcd\\project\\stm32.AXF" 

JLink info:
-----------
DLL: V4.08b, compiled Jun 30 2009 19:10:31
Firmware: J-Link ARM V8 compiled Dec  1 2009 11:42:48
Hardware: V8.00
S/N : 20100214 
Feature(s) : RDI,FlashDL,FlashBP,JFlash,GDBFull 
---
* JLink Info: TotalIRLen = 9, IRPrint = 0x0011
* JLink Info: Found Cortex-M3 r1p1, Little endian.
* JLink Info: TPIU fitted.
* JLink Info: ETM fitted.
* JLink Info:   FPUnit: 6 code (BP) slots and 2 literal slots

Target info:
------------
Device: STM32F103ZE
VTarget = 3.177V
State of Pins: 
TCK: 1, TDI: 0, TDO: 0, TMS: 0, TRES: 1, TRST: 1
* JLink Info: TotalIRLen = 9, IRPrint = 0x0011
* JLink Info: Found Cortex-M3 r1p1, Little endian.
* JLink Info: TPIU fitted.
* JLink Info: ETM fitted.
* JLink Info:   FPUnit: 6 code (BP) slots and 2 literal slots
Hardware-Breakpoints: 6
Software-Breakpoints: 2048
Watchpoints:          4
JTAG speed: 2000 kHz
---
* JLink Info: TotalIRLen = 9, IRPrint = 0x0011
* JLink Info: Found Cortex-M3 r1p1, Little endian.
* JLink Info: TPIU fitted.
* JLink Info: ETM fitted.
* JLink Info:   FPUnit: 6 code (BP) slots and 2 literal slots
Full Chip Erase Done.
Programming Done.
Verify OK.
* JLink Info: TotalIRLen = 9, IRPrint = 0x0011
* JLink Info: Found Cortex-M3 r1p1, Little endian.
* JLink Info: TPIU fitted.
* JLink Info: ETM fitted.
* JLink Info:   FPUnit: 6 code (BP) slots and 2 literal slots
Application running ...
Build target 'stm32'
compiling main.c...
..\source\main.c(67): warning:  #550-D: variable "led" was set but never used
..\source\main.c(97): warning:  #177-D: variable "temp" was declared but never referenced
..\source\main.c(98): warning:  #177-D: variable "p" was declared but never referenced
linking...
Program Size: Code=10502 RO-data=358 RW-data=24 ZI-data=2144  
FromELF: creating hex file...
"stm32.axf" - 0 Error(s), 3 Warning(s).
Build target 'stm32'
assembling cortexm3_macro.s...
assembling stm32f10x_vector.s...
compiling stm32f10x_adc.c...
compiling stm32f10x_bkp.c...
compiling stm32f10x_can.c...
compiling stm32f10x_crc.c...
compiling stm32f10x_dac.c...
compiling stm32f10x_dbgmcu.c...
compiling stm32f10x_dma.c...
compiling stm32f10x_exti.c...
compiling stm32f10x_flash.c...
compiling stm32f10x_fsmc.c...
compiling stm32f10x_gpio.c...
compiling stm32f10x_i2c.c...
compiling stm32f10x_iwdg.c...
compiling stm32f10x_lib.c...
compiling stm32f10x_nvic.c...
compiling stm32f10x_pwr.c...
compiling stm32f10x_rcc.c...
compiling stm32f10x_rtc.c...
compiling stm32f10x_sdio.c...
compiling stm32f10x_spi.c...
compiling stm32f10x_systick.c...
compiling stm32f10x_tim.c...
compiling stm32f10x_usart.c...
compiling stm32f10x_wwdg.c...
compiling main.c...
..\source\main.c(67): warning:  #550-D: variable "led" was set but never used
..\source\main.c(97): warning:  #177-D: variable "temp" was declared but never referenced
..\source\main.c(98): warning:  #177-D: variable "p" was declared but never referenced
compiling stm32f10x_it.c...
compiling rcc.c...
compiling nvic.c...
compiling gpio.c...
compiling systick.c...
compiling fsmc_lcd.c...
compiling lcd.c...
linking...
Program Size: Code=10502 RO-data=358 RW-data=24 ZI-data=2144  
FromELF: creating hex file...
"stm32.axf" - 0 Error(s), 3 Warning(s).
Load "F:\\Dean\\lcd\\project\\stm32.AXF" 

JLink info:
-----------
DLL: V4.08b, compiled Jun 30 2009 19:10:31
Firmware: J-Link ARM V8 compiled Dec  1 2009 11:42:48
Hardware: V8.00
S/N : 20100214 
Feature(s) : RDI,FlashDL,FlashBP,JFlash,GDBFull 
---
* JLink Info: TotalIRLen = 9, IRPrint = 0x0011
* JLink Info: Found Cortex-M3 r1p1, Little endian.
* JLink Info: TPIU fitted.
* JLink Info: ETM fitted.
* JLink Info:   FPUnit: 6 code (BP) slots and 2 literal slots

Target info:
------------
Device: STM32F103ZE
VTarget = 3.177V
State of Pins: 
TCK: 1, TDI: 0, TDO: 0, TMS: 0, TRES: 1, TRST: 1
* JLink Info: TotalIRLen = 9, IRPrint = 0x0011
* JLink Info: Found Cortex-M3 r1p1, Little endian.
* JLink Info: TPIU fitted.
* JLink Info: ETM fitted.
* JLink Info:   FPUnit: 6 code (BP) slots and 2 literal slots
Hardware-Breakpoints: 6
Software-Breakpoints: 2048
Watchpoints:          4
JTAG speed: 2000 kHz
---
* JLink Info: TotalIRLen = 9, IRPrint = 0x0011
* JLink Info: Found Cortex-M3 r1p1, Little endian.
* JLink Info: TPIU fitted.
* JLink Info: ETM fitted.
* JLink Info:   FPUnit: 6 code (BP) slots and 2 literal slots
Full Chip Erase Done.
Programming Done.
Verify OK.
* JLink Info: TotalIRLen = 9, IRPrint = 0x0011
* JLink Info: Found Cortex-M3 r1p1, Little endian.
* JLink Info: TPIU fitted.
* JLink Info: ETM fitted.
* JLink Info:   FPUnit: 6 code (BP) slots and 2 literal slots
Application running ...
Build target 'stm32'
assembling cortexm3_macro.s...
assembling stm32f10x_vector.s...
compiling stm32f10x_adc.c...
compiling stm32f10x_bkp.c...
compiling stm32f10x_can.c...
compiling stm32f10x_crc.c...
compiling stm32f10x_dac.c...
compiling stm32f10x_dbgmcu.c...
compiling stm32f10x_dma.c...
compiling stm32f10x_exti.c...
compiling stm32f10x_flash.c...
compiling stm32f10x_fsmc.c...
compiling stm32f10x_gpio.c...
compiling stm32f10x_i2c.c...
compiling stm32f10x_iwdg.c...
compiling stm32f10x_lib.c...
compiling stm32f10x_nvic.c...
compiling stm32f10x_pwr.c...
compiling stm32f10x_rcc.c...
compiling stm32f10x_rtc.c...
compiling stm32f10x_sdio.c...
compiling stm32f10x_spi.c...
compiling stm32f10x_systick.c...
compiling stm32f10x_tim.c...
compiling stm32f10x_usart.c...
compiling stm32f10x_wwdg.c...
compiling main.c...
..\source\main.c(67): warning:  #550-D: variable "led" was set but never used
..\source\main.c(97): warning:  #177-D: variable "temp" was declared but never referenced
..\source\main.c(98): warning:  #177-D: variable "p" was declared but never referenced
compiling stm32f10x_it.c...
compiling rcc.c...
compiling nvic.c...
compiling gpio.c...
compiling systick.c...
compiling fsmc_lcd.c...
compiling lcd.c...
linking...
Program Size: Code=10502 RO-data=358 RW-data=24 ZI-data=2144  
FromELF: creating hex file...
"stm32.axf" - 0 Error(s), 3 Warning(s).
Load "F:\\Dean\\lcd\\project\\stm32.AXF" 

JLink info:
-----------
DLL: V4.08b, compiled Jun 30 2009 19:10:31
Firmware: J-Link ARM V8 compiled Dec  1 2009 11:42:48
Hardware: V8.00
S/N : 20100214 
Feature(s) : RDI,FlashDL,FlashBP,JFlash,GDBFull 
---
* JLink Info: TotalIRLen = 9, IRPrint = 0x0011
* JLink Info: Found Cortex-M3 r1p1, Little endian.
* JLink Info: TPIU fitted.
* JLink Info: ETM fitted.
* JLink Info:   FPUnit: 6 code (BP) slots and 2 literal slots

Target info:
------------
Device: STM32F103ZE
VTarget = 3.183V
State of Pins: 
TCK: 1, TDI: 0, TDO: 0, TMS: 0, TRES: 1, TRST: 1
* JLink Info: TotalIRLen = 9, IRPrint = 0x0011
* JLink Info: Found Cortex-M3 r1p1, Little endian.
* JLink Info: TPIU fitted.
* JLink Info: ETM fitted.
* JLink Info:   FPUnit: 6 code (BP) slots and 2 literal slots
Hardware-Breakpoints: 6
Software-Breakpoints: 2048
Watchpoints:          4
JTAG speed: 2000 kHz
---
* JLink Info: TotalIRLen = 9, IRPrint = 0x0011
* JLink Info: Found Cortex-M3 r1p1, Little endian.
* JLink Info: TPIU fitted.
* JLink Info: ETM fitted.
* JLink Info:   FPUnit: 6 code (BP) slots and 2 literal slots
Full Chip Erase Done.
Programming Done.
Verify OK.
* JLink Info: TotalIRLen = 9, IRPrint = 0x0011
* JLink Info: Found Cortex-M3 r1p1, Little endian.
* JLink Info: TPIU fitted.
* JLink Info: ETM fitted.
* JLink Info:   FPUnit: 6 code (BP) slots and 2 literal slots
Application running ...
Build target 'stm32'
assembling cortexm3_macro.s...
assembling stm32f10x_vector.s...
compiling stm32f10x_adc.c...
compiling stm32f10x_bkp.c...
compiling stm32f10x_can.c...
compiling stm32f10x_crc.c...
compiling stm32f10x_dac.c...
compiling stm32f10x_dbgmcu.c...
compiling stm32f10x_dma.c...
compiling stm32f10x_exti.c...
compiling stm32f10x_flash.c...
compiling stm32f10x_fsmc.c...
compiling stm32f10x_gpio.c...
compiling stm32f10x_i2c.c...
compiling stm32f10x_iwdg.c...
compiling stm32f10x_lib.c...
compiling stm32f10x_nvic.c...
compiling stm32f10x_pwr.c...
compiling stm32f10x_rcc.c...
compiling stm32f10x_rtc.c...
compiling stm32f10x_sdio.c...
compiling stm32f10x_spi.c...
compiling stm32f10x_systick.c...
compiling stm32f10x_tim.c...
compiling stm32f10x_usart.c...
compiling stm32f10x_wwdg.c...
compiling main.c...
..\source\main.c(67): warning:  #550-D: variable "led" was set but never used
..\source\main.c(97): warning:  #177-D: variable "temp" was declared but never referenced
..\source\main.c(98): warning:  #177-D: variable "p" was declared but never referenced
compiling stm32f10x_it.c...
compiling rcc.c...
compiling nvic.c...
compiling gpio.c...
compiling systick.c...
compiling fsmc_lcd.c...
compiling lcd.c...
linking...
Program Size: Code=10502 RO-data=358 RW-data=24 ZI-data=2144  
FromELF: creating hex file...
"stm32.axf" - 0 Error(s), 3 Warning(s).
Build target 'stm32'
assembling cortexm3_macro.s...
assembling stm32f10x_vector.s...
compiling stm32f10x_adc.c...
compiling stm32f10x_bkp.c...
compiling stm32f10x_can.c...
compiling stm32f10x_crc.c...
compiling stm32f10x_dac.c...
compiling stm32f10x_dbgmcu.c...
compiling stm32f10x_dma.c...
compiling stm32f10x_exti.c...
compiling stm32f10x_flash.c...
compiling stm32f10x_fsmc.c...
compiling stm32f10x_gpio.c...
compiling stm32f10x_i2c.c...
compiling stm32f10x_iwdg.c...
compiling stm32f10x_lib.c...
compiling stm32f10x_nvic.c...
compiling stm32f10x_pwr.c...
compiling stm32f10x_rcc.c...
compiling stm32f10x_rtc.c...
compiling stm32f10x_sdio.c...
compiling stm32f10x_spi.c...
compiling stm32f10x_systick.c...
compiling stm32f10x_tim.c...
compiling stm32f10x_usart.c...
compiling stm32f10x_wwdg.c...
compiling main.c...
..\source\main.c(67): warning:  #550-D: variable "led" was set but never used
..\source\main.c(97): warning:  #177-D: variable "temp" was declared but never referenced
..\source\main.c(98): warning:  #177-D: variable "p" was declared but never referenced
compiling stm32f10x_it.c...
compiling rcc.c...
compiling nvic.c...
compiling gpio.c...
compiling systick.c...
compiling fsmc_lcd.c...
compiling lcd.c...
linking...
Program Size: Code=10502 RO-data=358 RW-data=24 ZI-data=2144  
FromELF: creating hex file...
"stm32.axf" - 0 Error(s), 3 Warning(s).
Load "F:\\Dean\\lcd\\project\\stm32.AXF" 

JLink info:
-----------
DLL: V4.08b, compiled Jun 30 2009 19:10:31
Firmware: J-Link ARM V8 compiled Dec  1 2009 11:42:48
Hardware: V8.00
S/N : 20100214 
Feature(s) : RDI,FlashDL,FlashBP,JFlash,GDBFull 
---
* JLink Info: TotalIRLen = 9, IRPrint = 0x0011
* JLink Info: Found Cortex-M3 r1p1, Little endian.
* JLink Info: TPIU fitted.
* JLink Info: ETM fitted.
* JLink Info:   FPUnit: 6 code (BP) slots and 2 literal slots

Target info:
------------
Device: STM32F103ZE
VTarget = 3.177V
State of Pins: 
TCK: 1, TDI: 0, TDO: 0, TMS: 0, TRES: 1, TRST: 1
* JLink Info: TotalIRLen = 9, IRPrint = 0x0011
* JLink Info: Found Cortex-M3 r1p1, Little endian.
* JLink Info: TPIU fitted.
* JLink Info: ETM fitted.
* JLink Info:   FPUnit: 6 code (BP) slots and 2 literal slots
Hardware-Breakpoints: 6
Software-Breakpoints: 2048
Watchpoints:          4
JTAG speed: 2000 kHz
---
* JLink Info: TotalIRLen = 9, IRPrint = 0x0011
* JLink Info: Found Cortex-M3 r1p1, Little endian.
* JLink Info: TPIU fitted.
* JLink Info: ETM fitted.
* JLink Info:   FPUnit: 6 code (BP) slots and 2 literal slots
Full Chip Erase Done.
Programming Done.
Verify OK.
* JLink Info: TotalIRLen = 9, IRPrint = 0x0011
* JLink Info: Found Cortex-M3 r1p1, Little endian.
* JLink Info: TPIU fitted.
* JLink Info: ETM fitted.
* JLink Info:   FPUnit: 6 code (BP) slots and 2 literal slots
Application running ...
Build target 'stm32'
assembling cortexm3_macro.s...
assembling stm32f10x_vector.s...
compiling stm32f10x_adc.c...
compiling stm32f10x_bkp.c...
compiling stm32f10x_can.c...
compiling stm32f10x_crc.c...
compiling stm32f10x_dac.c...
compiling stm32f10x_dbgmcu.c...
compiling stm32f10x_dma.c...
compiling stm32f10x_exti.c...
compiling stm32f10x_flash.c...
compiling stm32f10x_fsmc.c...
compiling stm32f10x_gpio.c...
compiling stm32f10x_i2c.c...
compiling stm32f10x_iwdg.c...
compiling stm32f10x_lib.c...
compiling stm32f10x_nvic.c...
compiling stm32f10x_pwr.c...
compiling stm32f10x_rcc.c...
compiling stm32f10x_rtc.c...
compiling stm32f10x_sdio.c...
compiling stm32f10x_spi.c...
compiling stm32f10x_systick.c...
compiling stm32f10x_tim.c...
compiling stm32f10x_usart.c...
compiling stm32f10x_wwdg.c...
compiling main.c...
..\source\main.c(67): warning:  #550-D: variable "led" was set but never used
..\source\main.c(100): warning:  #177-D: variable "temp" was declared but never referenced
..\source\main.c(101): warning:  #177-D: variable "p" was declared but never referenced
compiling stm32f10x_it.c...
compiling rcc.c...
compiling nvic.c...
compiling gpio.c...
compiling systick.c...
compiling fsmc_lcd.c...
compiling lcd.c...
..\source\lcd.h(8): warning:  #1-D: last line of file ends without a newline
linking...
Program Size: Code=10494 RO-data=358 RW-data=24 ZI-data=2144  
FromELF: creating hex file...
"stm32.axf" - 0 Error(s), 4 Warning(s).
Load "F:\\Dean\\lcd\\project\\stm32.AXF" 

JLink info:
-----------
DLL: V4.08b, compiled Jun 30 2009 19:10:31
Firmware: J-Link ARM V8 compiled Dec  1 2009 11:42:48
Hardware: V8.00
S/N : 20100214 
Feature(s) : RDI,FlashDL,FlashBP,JFlash,GDBFull 
---
* JLink Info: TotalIRLen = 9, IRPrint = 0x0011
* JLink Info: Found Cortex-M3 r1p1, Little endian.
* JLink Info: TPIU fitted.
* JLink Info: ETM fitted.
* JLink Info:   FPUnit: 6 code (BP) slots and 2 literal slots

Target info:
------------
Device: STM32F103ZE
VTarget = 3.287V
State of Pins: 
TCK: 1, TDI: 0, TDO: 0, TMS: 0, TRES: 1, TRST: 1
* JLink Info: TotalIRLen = 9, IRPrint = 0x0011
* JLink Info: Found Cortex-M3 r1p1, Little endian.
* JLink Info: TPIU fitted.
* JLink Info: ETM fitted.
* JLink Info:   FPUnit: 6 code (BP) slots and 2 literal slots
Hardware-Breakpoints: 6
Software-Breakpoints: 2048
Watchpoints:          4
JTAG speed: 2000 kHz
---
* JLink Info: TotalIRLen = 9, IRPrint = 0x0011
* JLink Info: Found Cortex-M3 r1p1, Little endian.
* JLink Info: TPIU fitted.
* JLink Info: ETM fitted.
* JLink Info:   FPUnit: 6 code (BP) slots and 2 literal slots
Full Chip Erase Done.
Programming Done.
Verify OK.
* JLink Info: TotalIRLen = 9, IRPrint = 0x0011
* JLink Info: Found Cortex-M3 r1p1, Little endian.
* JLink Info: TPIU fitted.
* JLink Info: ETM fitted.
* JLink Info:   FPUnit: 6 code (BP) slots and 2 literal slots
Application running ...
Build target 'stm32'
assembling cortexm3_macro.s...
assembling stm32f10x_vector.s...
compiling stm32f10x_adc.c...
compiling stm32f10x_bkp.c...
compiling stm32f10x_can.c...
compiling stm32f10x_crc.c...
compiling stm32f10x_dac.c...
compiling stm32f10x_dbgmcu.c...
compiling stm32f10x_dma.c...
compiling stm32f10x_exti.c...
compiling stm32f10x_flash.c...
compiling stm32f10x_fsmc.c...
compiling stm32f10x_gpio.c...
compiling stm32f10x_i2c.c...
compiling stm32f10x_iwdg.c...
compiling stm32f10x_lib.c...
compiling stm32f10x_nvic.c...
compiling stm32f10x_pwr.c...
compiling stm32f10x_rcc.c...
compiling stm32f10x_rtc.c...
compiling stm32f10x_sdio.c...
compiling stm32f10x_spi.c...
compiling stm32f10x_systick.c...
compiling stm32f10x_tim.c...
compiling stm32f10x_usart.c...
compiling stm32f10x_wwdg.c...
compiling main.c...
..\source\main.c(67): warning:  #550-D: variable "led" was set but never used
..\source\main.c(102): warning:  #177-D: variable "temp" was declared but never referenced
..\source\main.c(103): warning:  #177-D: variable "p" was declared but never referenced
compiling stm32f10x_it.c...
compiling rcc.c...
compiling nvic.c...
compiling gpio.c...
compiling systick.c...
compiling fsmc_lcd.c...
compiling lcd.c...
..\source\lcd.h(8): warning:  #1-D: last line of file ends without a newline
linking...
Program Size: Code=10506 RO-data=358 RW-data=24 ZI-data=2144  
FromELF: creating hex file...
"stm32.axf" - 0 Error(s), 4 Warning(s).
Load "F:\\Dean\\lcd\\project\\stm32.AXF" 

JLink info:
-----------
DLL: V4.08b, compiled Jun 30 2009 19:10:31
Firmware: J-Link ARM V8 compiled Dec  1 2009 11:42:48
Hardware: V8.00
S/N : 20100214 
Feature(s) : RDI,FlashDL,FlashBP,JFlash,GDBFull 
---
* JLink Info: TotalIRLen = 9, IRPrint = 0x0011
* JLink Info: Found Cortex-M3 r1p1, Little endian.
* JLink Info: TPIU fitted.
* JLink Info: ETM fitted.
* JLink Info:   FPUnit: 6 code (BP) slots and 2 literal slots

Target info:
------------
Device: STM32F103ZE
VTarget = 3.319V
State of Pins: 
TCK: 1, TDI: 0, TDO: 0, TMS: 0, TRES: 1, TRST: 1
* JLink Info: TotalIRLen = 9, IRPrint = 0x0011
* JLink Info: Found Cortex-M3 r1p1, Little endian.
* JLink Info: TPIU fitted.
* JLink Info: ETM fitted.
* JLink Info:   FPUnit: 6 code (BP) slots and 2 literal slots
Hardware-Breakpoints: 6
Software-Breakpoints: 2048
Watchpoints:          4
JTAG speed: 2000 kHz
---
* JLink Info: TotalIRLen = 9, IRPrint = 0x0011
* JLink Info: Found Cortex-M3 r1p1, Little endian.
* JLink Info: TPIU fitted.
* JLink Info: ETM fitted.
* JLink Info:   FPUnit: 6 code (BP) slots and 2 literal slots
Full Chip Erase Done.
Programming Done.
Verify OK.
* JLink Info: TotalIRLen = 9, IRPrint = 0x0011
* JLink Info: Found Cortex-M3 r1p1, Little endian.
* JLink Info: TPIU fitted.
* JLink Info: ETM fitted.
* JLink Info:   FPUnit: 6 code (BP) slots and 2 literal slots
Application running ...
Build target 'stm32'
assembling cortexm3_macro.s...
assembling stm32f10x_vector.s...
compiling stm32f10x_adc.c...
compiling stm32f10x_bkp.c...
compiling stm32f10x_can.c...
compiling stm32f10x_crc.c...
compiling stm32f10x_dac.c...
compiling stm32f10x_dbgmcu.c...
compiling stm32f10x_dma.c...
compiling stm32f10x_exti.c...
compiling stm32f10x_flash.c...
compiling stm32f10x_fsmc.c...
compiling stm32f10x_gpio.c...
compiling stm32f10x_i2c.c...
compiling stm32f10x_iwdg.c...
compiling stm32f10x_lib.c...
compiling stm32f10x_nvic.c...
compiling stm32f10x_pwr.c...
compiling stm32f10x_rcc.c...
compiling stm32f10x_rtc.c...
compiling stm32f10x_sdio.c...
compiling stm32f10x_spi.c...
compiling stm32f10x_systick.c...
compiling stm32f10x_tim.c...
compiling stm32f10x_usart.c...
compiling stm32f10x_wwdg.c...
compiling main.c...
..\source\main.c(67): warning:  #550-D: variable "led" was set but never used
..\source\main.c(102): warning:  #177-D: variable "temp" was declared but never referenced
..\source\main.c(103): warning:  #177-D: variable "p" was declared but never referenced
compiling stm32f10x_it.c...
compiling rcc.c...
compiling nvic.c...
compiling gpio.c...
compiling systick.c...
compiling fsmc_lcd.c...
compiling lcd.c...
..\source\lcd.h(8): warning:  #1-D: last line of file ends without a newline
linking...
Program Size: Code=10506 RO-data=358 RW-data=24 ZI-data=2144  
FromELF: creating hex file...
"stm32.axf" - 0 Error(s), 4 Warning(s).
Load "F:\\Dean\\lcd\\project\\stm32.AXF" 

JLink info:
-----------
DLL: V4.08b, compiled Jun 30 2009 19:10:31
Firmware: J-Link ARM V8 compiled Dec  1 2009 11:42:48
Hardware: V8.00
S/N : 20100214 
Feature(s) : RDI,FlashDL,FlashBP,JFlash,GDBFull 
---
* JLink Info: TotalIRLen = 9, IRPrint = 0x0011
* JLink Info: Found Cortex-M3 r1p1, Little endian.
* JLink Info: TPIU fitted.
* JLink Info: ETM fitted.
* JLink Info:   FPUnit: 6 code (BP) slots and 2 literal slots

Target info:
------------
Device: STM32F103ZE
VTarget = 3.319V
State of Pins: 
TCK: 1, TDI: 0, TDO: 0, TMS: 0, TRES: 1, TRST: 1
* JLink Info: TotalIRLen = 9, IRPrint = 0x0011
* JLink Info: Found Cortex-M3 r1p1, Little endian.
* JLink Info: TPIU fitted.
* JLink Info: ETM fitted.
* JLink Info:   FPUnit: 6 code (BP) slots and 2 literal slots
Hardware-Breakpoints: 6
Software-Breakpoints: 2048
Watchpoints:          4
JTAG speed: 2000 kHz
---
* JLink Info: TotalIRLen = 9, IRPrint = 0x0011
* JLink Info: Found Cortex-M3 r1p1, Little endian.
* JLink Info: TPIU fitted.
* JLink Info: ETM fitted.
* JLink Info:   FPUnit: 6 code (BP) slots and 2 literal slots
Full Chip Erase Done.
Programming Done.
Verify OK.
* JLink Info: TotalIRLen = 9, IRPrint = 0x0011
* JLink Info: Found Cortex-M3 r1p1, Little endian.
* JLink Info: TPIU fitted.
* JLink Info: ETM fitted.
* JLink Info:   FPUnit: 6 code (BP) slots and 2 literal slots
Application running ...
Build target 'stm32'
assembling cortexm3_macro.s...
assembling stm32f10x_vector.s...
compiling stm32f10x_adc.c...
compiling stm32f10x_bkp.c...
compiling stm32f10x_can.c...
compiling stm32f10x_crc.c...
compiling stm32f10x_dac.c...
compiling stm32f10x_dbgmcu.c...
compiling stm32f10x_dma.c...
compiling stm32f10x_exti.c...
compiling stm32f10x_flash.c...
compiling stm32f10x_fsmc.c...
compiling stm32f10x_gpio.c...
compiling stm32f10x_i2c.c...
compiling stm32f10x_iwdg.c...
compiling stm32f10x_lib.c...
compiling stm32f10x_nvic.c...
compiling stm32f10x_pwr.c...
compiling stm32f10x_rcc.c...
compiling stm32f10x_rtc.c...
compiling stm32f10x_sdio.c...
compiling stm32f10x_spi.c...
compiling stm32f10x_systick.c...
compiling stm32f10x_tim.c...
compiling stm32f10x_usart.c...
compiling stm32f10x_wwdg.c...
compiling main.c...
..\source\main.c(67): warning:  #550-D: variable "led" was set but never used
..\source\main.c(102): warning:  #177-D: variable "temp" was declared but never referenced
..\source\main.c(103): warning:  #177-D: variable "p" was declared but never referenced
compiling stm32f10x_it.c...
compiling rcc.c...
compiling nvic.c...
compiling gpio.c...
compiling systick.c...
compiling fsmc_lcd.c...
compiling lcd.c...
..\source\lcd.h(8): warning:  #1-D: last line of file ends without a newline
linking...
Program Size: Code=10510 RO-data=358 RW-data=24 ZI-data=2144  
[...]
* JLink Info: ETM fitted.
* JLink Info:   FPUnit: 6 code (BP) slots and 2 literal slots
Hardware-Breakpoints: 6
Software-Breakpoints: 2048
Watchpoints:          4
JTAG speed: 2000 kHz
---
* JLink Info: TotalIRLen = 9, IRPrint = 0x0011
* JLink Info: Found Cortex-M3 r1p1, Little endian.
* JLink Info: TPIU fitted.
* JLink Info: ETM fitted.
* JLink Info:   FPUnit: 6 code (BP) slots and 2 literal slots
Full Chip Erase Done.
Programming Done.
Verify OK.
* JLink Info: TotalIRLen = 9, IRPrint = 0x0011
* JLink Info: Found Cortex-M3 r1p1, Little endian.
* JLink Info: TPIU fitted.
* JLink Info: ETM fitted.
* JLink Info:   FPUnit: 6 code (BP) slots and 2 literal slots
Application running ...
Build target 'stm32'
compiling main.c...
..\source\main.c(76): warning:  #223-D: function "USART1_Init" declared implicitly
linking...
Program Size: Code=11714 RO-data=358 RW-data=20 ZI-data=2148  
FromELF: creating hex file...
"stm32.axf" - 0 Error(s), 1 Warning(s).
Load "F:\\Dean\\lcd\\project\\stm32.AXF" 

JLink info:
-----------
DLL: V4.08b, compiled Jun 30 2009 19:10:31
Firmware: J-Link ARM V8 compiled Dec  1 2009 11:42:48
Hardware: V8.00
S/N : 20100214 
Feature(s) : RDI,FlashDL,FlashBP,JFlash,GDBFull 
---
* JLink Info: TotalIRLen = 9, IRPrint = 0x0011
* JLink Info: Found Cortex-M3 r1p1, Little endian.
* JLink Info: TPIU fitted.
* JLink Info: ETM fitted.
* JLink Info:   FPUnit: 6 code (BP) slots and 2 literal slots

Target info:
------------
Device: STM32F103ZE
VTarget = 3.183V
State of Pins: 
TCK: 1, TDI: 0, TDO: 0, TMS: 0, TRES: 1, TRST: 1
* JLink Info: TotalIRLen = 9, IRPrint = 0x0011
* JLink Info: Found Cortex-M3 r1p1, Little endian.
* JLink Info: TPIU fitted.
* JLink Info: ETM fitted.
* JLink Info:   FPUnit: 6 code (BP) slots and 2 literal slots
Hardware-Breakpoints: 6
Software-Breakpoints: 2048
Watchpoints:          4
JTAG speed: 2000 kHz
---
* JLink Info: TotalIRLen = 9, IRPrint = 0x0011
* JLink Info: Found Cortex-M3 r1p1, Little endian.
* JLink Info: TPIU fitted.
* JLink Info: ETM fitted.
* JLink Info:   FPUnit: 6 code (BP) slots and 2 literal slots
Full Chip Erase Done.
Programming Done.
Verify OK.
* JLink Info: TotalIRLen = 9, IRPrint = 0x0011
* JLink Info: Found Cortex-M3 r1p1, Little endian.
* JLink Info: TPIU fitted.
* JLink Info: ETM fitted.
* JLink Info:   FPUnit: 6 code (BP) slots and 2 literal slots
Application running ...
Build target 'stm32'
compiling main.c...
..\source\main.c(76): warning:  #223-D: function "USART1_Init" declared implicitly
compiling lcd.c...
linking...
Program Size: Code=11722 RO-data=358 RW-data=20 ZI-data=2148  
FromELF: creating hex file...
"stm32.axf" - 0 Error(s), 1 Warning(s).
Load "F:\\Dean\\lcd\\project\\stm32.AXF" 

JLink info:
-----------
DLL: V4.08b, compiled Jun 30 2009 19:10:31
Firmware: J-Link ARM V8 compiled Dec  1 2009 11:42:48
Hardware: V8.00
S/N : 20100214 
Feature(s) : RDI,FlashDL,FlashBP,JFlash,GDBFull 
---
* JLink Info: TotalIRLen = 9, IRPrint = 0x0011
* JLink Info: Found Cortex-M3 r1p1, Little endian.
* JLink Info: TPIU fitted.
* JLink Info: ETM fitted.
* JLink Info:   FPUnit: 6 code (BP) slots and 2 literal slots

Target info:
------------
Device: STM32F103ZE
VTarget = 3.177V
State of Pins: 
TCK: 1, TDI: 0, TDO: 0, TMS: 0, TRES: 1, TRST: 1
* JLink Info: TotalIRLen = 9, IRPrint = 0x0011
* JLink Info: Found Cortex-M3 r1p1, Little endian.
* JLink Info: TPIU fitted.
* JLink Info: ETM fitted.
* JLink Info:   FPUnit: 6 code (BP) slots and 2 literal slots
Hardware-Breakpoints: 6
Software-Breakpoints: 2048
Watchpoints:          4
JTAG speed: 2000 kHz
---
* JLink Info: TotalIRLen = 9, IRPrint = 0x0011
* JLink Info: Found Cortex-M3 r1p1, Little endian.
* JLink Info: TPIU fitted.
* JLink Info: ETM fitted.
* JLink Info:   FPUnit: 6 code (BP) slots and 2 literal slots
Full Chip Erase Done.
Programming Done.
Verify OK.
* JLink Info: TotalIRLen = 9, IRPrint = 0x0011
* JLink Info: Found Cortex-M3 r1p1, Little endian.
* JLink Info: TPIU fitted.
* JLink Info: ETM fitted.
* JLink Info:   FPUnit: 6 code (BP) slots and 2 literal slots
Application running ...
Build target 'stm32'
compiling lcd.c...
linking...
Program Size: Code=11726 RO-data=358 RW-data=20 ZI-data=2148  
FromELF: creating hex file...
"stm32.axf" - 0 Error(s), 0 Warning(s).
Load "F:\\Dean\\lcd\\project\\stm32.AXF" 

JLink info:
-----------
DLL: V4.08b, compiled Jun 30 2009 19:10:31
Firmware: J-Link ARM V8 compiled Dec  1 2009 11:42:48
Hardware: V8.00
S/N : 20100214 
Feature(s) : RDI,FlashDL,FlashBP,JFlash,GDBFull 
---
* JLink Info: TotalIRLen = 9, IRPrint = 0x0011
* JLink Info: Found Cortex-M3 r1p1, Little endian.
* JLink Info: TPIU fitted.
* JLink Info: ETM fitted.
* JLink Info:   FPUnit: 6 code (BP) slots and 2 literal slots

Target info:
------------
Device: STM32F103ZE
VTarget = 3.183V
State of Pins: 
TCK: 1, TDI: 0, TDO: 0, TMS: 0, TRES: 1, TRST: 1
* JLink Info: TotalIRLen = 9, IRPrint = 0x0011
* JLink Info: Found Cortex-M3 r1p1, Little endian.
* JLink Info: TPIU fitted.
* JLink Info: ETM fitted.
* JLink Info:   FPUnit: 6 code (BP) slots and 2 literal slots
Hardware-Breakpoints: 6
Software-Breakpoints: 2048
Watchpoints:          4
JTAG speed: 2000 kHz
---
* JLink Info: TotalIRLen = 9, IRPrint = 0x0011
* JLink Info: Found Cortex-M3 r1p1, Little endian.
* JLink Info: TPIU fitted.
* JLink Info: ETM fitted.
* JLink Info:   FPUnit: 6 code (BP) slots and 2 literal slots
Full Chip Erase Done.
Programming Done.
Verify OK.
* JLink Info: TotalIRLen = 9, IRPrint = 0x0011
* JLink Info: Found Cortex-M3 r1p1, Little endian.
* JLink Info: TPIU fitted.
* JLink Info: ETM fitted.
* JLink Info:   FPUnit: 6 code (BP) slots and 2 literal slots
Application running ...
Build target 'stm32'
compiling lcd.c...
linking...
Program Size: Code=11722 RO-data=358 RW-data=20 ZI-data=2148  
FromELF: creating hex file...
"stm32.axf" - 0 Error(s), 0 Warning(s).
Load "F:\\Dean\\lcd\\project\\stm32.AXF" 

JLink info:
-----------
DLL: V4.08b, compiled Jun 30 2009 19:10:31
Firmware: J-Link ARM V8 compiled Dec  1 2009 11:42:48
Hardware: V8.00
S/N : 20100214 
Feature(s) : RDI,FlashDL,FlashBP,JFlash,GDBFull 
---
* JLink Info: TotalIRLen = 9, IRPrint = 0x0011
* JLink Info: Found Cortex-M3 r1p1, Little endian.
* JLink Info: TPIU fitted.
* JLink Info: ETM fitted.
* JLink Info:   FPUnit: 6 code (BP) slots and 2 literal slots

Target info:
------------
Device: STM32F103ZE
VTarget = 3.183V
State of Pins: 
TCK: 1, TDI: 0, TDO: 0, TMS: 0, TRES: 1, TRST: 1
* JLink Info: TotalIRLen = 9, IRPrint = 0x0011
* JLink Info: Found Cortex-M3 r1p1, Little endian.
* JLink Info: TPIU fitted.
* JLink Info: ETM fitted.
* JLink Info:   FPUnit: 6 code (BP) slots and 2 literal slots
Hardware-Breakpoints: 6
Software-Breakpoints: 2048
Watchpoints:          4
JTAG speed: 2000 kHz
---
* JLink Info: TotalIRLen = 9, IRPrint = 0x0011
* JLink Info: Found Cortex-M3 r1p1, Little endian.
* JLink Info: TPIU fitted.
* JLink Info: ETM fitted.
* JLink Info:   FPUnit: 6 code (BP) slots and 2 literal slots
Full Chip Erase Done.
Programming Done.
Verify OK.
* JLink Info: TotalIRLen = 9, IRPrint = 0x0011
* JLink Info: Found Cortex-M3 r1p1, Little endian.
* JLink Info: TPIU fitted.
* JLink Info: ETM fitted.
* JLink Info:   FPUnit: 6 code (BP) slots and 2 literal slots
Application running ...
Build target 'stm32'
compiling lcd.c...
linking...
Program Size: Code=11726 RO-data=358 RW-data=20 ZI-data=2148  
FromELF: creating hex file...
"stm32.axf" - 0 Error(s), 0 Warning(s).
Load "F:\\Dean\\lcd\\project\\stm32.AXF" 

JLink info:
-----------
DLL: V4.08b, compiled Jun 30 2009 19:10:31
Firmware: J-Link ARM V8 compiled Dec  1 2009 11:42:48
Hardware: V8.00
S/N : 20100214 
Feature(s) : RDI,FlashDL,FlashBP,JFlash,GDBFull 
---
* JLink Info: TotalIRLen = 9, IRPrint = 0x0011
* JLink Info: Found Cortex-M3 r1p1, Little endian.
* JLink Info: TPIU fitted.
* JLink Info: ETM fitted.
* JLink Info:   FPUnit: 6 code (BP) slots and 2 literal slots

Target info:
------------
Device: STM32F103ZE
VTarget = 3.177V
State of Pins: 
TCK: 1, TDI: 0, TDO: 0, TMS: 0, TRES: 1, TRST: 1
* JLink Info: TotalIRLen = 9, IRPrint = 0x0011
* JLink Info: Found Cortex-M3 r1p1, Little endian.
* JLink Info: TPIU fitted.
* JLink Info: ETM fitted.
* JLink Info:   FPUnit: 6 code (BP) slots and 2 literal slots
Hardware-Breakpoints: 6
Software-Breakpoints: 2048
Watchpoints:          4
JTAG speed: 2000 kHz
---
* JLink Info: TotalIRLen = 9, IRPrint = 0x0011
* JLink Info: Found Cortex-M3 r1p1, Little endian.
* JLink Info: TPIU fitted.
* JLink Info: ETM fitted.
* JLink Info:   FPUnit: 6 code (BP) slots and 2 literal slots
Full Chip Erase Done.
Programming Done.
Verify OK.
* JLink Info: TotalIRLen = 9, IRPrint = 0x0011
* JLink Info: Found Cortex-M3 r1p1, Little endian.
* JLink Info: TPIU fitted.
* JLink Info: ETM fitted.
* JLink Info:   FPUnit: 6 code (BP) slots and 2 literal slots
Application running ...
Build target 'stm32'
compiling main.c...
..\source\main.c(76): warning:  #223-D: function "USART1_Init" declared implicitly
compiling lcd.c...
linking...
Program Size: Code=11734 RO-data=358 RW-data=20 ZI-data=2148  
FromELF: creating hex file...
"stm32.axf" - 0 Error(s), 1 Warning(s).
Load "F:\\Dean\\lcd\\project\\stm32.AXF" 

JLink info:
-----------
DLL: V4.08b, compiled Jun 30 2009 19:10:31
Firmware: J-Link ARM V8 compiled Dec  1 2009 11:42:48
Hardware: V8.00
S/N : 20100214 
Feature(s) : RDI,FlashDL,FlashBP,JFlash,GDBFull 
---
* JLink Info: TotalIRLen = 9, IRPrint = 0x0011
* JLink Info: Found Cortex-M3 r1p1, Little endian.
* JLink Info: TPIU fitted.
* JLink Info: ETM fitted.
* JLink Info:   FPUnit: 6 code (BP) slots and 2 literal slots

Target info:
------------
Device: STM32F103ZE
VTarget = 3.170V
State of Pins: 
TCK: 1, TDI: 0, TDO: 0, TMS: 0, TRES: 1, TRST: 1
* JLink Info: TotalIRLen = 9, IRPrint = 0x0011
* JLink Info: Found Cortex-M3 r1p1, Little endian.
* JLink Info: TPIU fitted.
* JLink Info: ETM fitted.
* JLink Info:   FPUnit: 6 code (BP) slots and 2 literal slots
Hardware-Breakpoints: 6
Software-Breakpoints: 2048
Watchpoints:          4
JTAG speed: 2000 kHz
---
* JLink Info: TotalIRLen = 9, IRPrint = 0x0011
* JLink Info: Found Cortex-M3 r1p1, Little endian.
* JLink Info: TPIU fitted.
* JLink Info: ETM fitted.
* JLink Info:   FPUnit: 6 code (BP) slots and 2 literal slots
Full Chip Erase Done.
Programming Done.
Verify OK.
* JLink Info: TotalIRLen = 9, IRPrint = 0x0011
* JLink Info: Found Cortex-M3 r1p1, Little endian.
* JLink Info: TPIU fitted.
* JLink Info: ETM fitted.
* JLink Info:   FPUnit: 6 code (BP) slots and 2 literal slots
Application running ...
Build target 'stm32'
compiling main.c...
..\source\main.c(76): warning:  #223-D: function "USART1_Init" declared implicitly
linking...
Program Size: Code=11734 RO-data=358 RW-data=20 ZI-data=2148  
FromELF: creating hex file...
"stm32.axf" - 0 Error(s), 1 Warning(s).
Load "F:\\Dean\\lcd\\project\\stm32.AXF" 

JLink info:
-----------
DLL: V4.08b, compiled Jun 30 2009 19:10:31
Firmware: J-Link ARM V8 compiled Dec  1 2009 11:42:48
Hardware: V8.00
S/N : 20100214 
Feature(s) : RDI,FlashDL,FlashBP,JFlash,GDBFull 
---
* JLink Info: TotalIRLen = 9, IRPrint = 0x0011
* JLink Info: Found Cortex-M3 r1p1, Little endian.
* JLink Info: TPIU fitted.
* JLink Info: ETM fitted.
* JLink Info:   FPUnit: 6 code (BP) slots and 2 literal slots

Target info:
------------
Device: STM32F103ZE
VTarget = 3.170V
State of Pins: 
TCK: 1, TDI: 0, TDO: 0, TMS: 0, TRES: 1, TRST: 1
* JLink Info: TotalIRLen = 9, IRPrint = 0x0011
* JLink Info: Found Cortex-M3 r1p1, Little endian.
* JLink Info: TPIU fitted.
* JLink Info: ETM fitted.
* JLink Info:   FPUnit: 6 code (BP) slots and 2 literal slots
Hardware-Breakpoints: 6
Software-Breakpoints: 2048
Watchpoints:          4
JTAG speed: 2000 kHz
---
* JLink Info: TotalIRLen = 9, IRPrint = 0x0011
* JLink Info: Found Cortex-M3 r1p1, Little endian.
* JLink Info: TPIU fitted.
* JLink Info: ETM fitted.
* JLink Info:   FPUnit: 6 code (BP) slots and 2 literal slots
Full Chip Erase Done.
Programming Done.
Verify OK.
* JLink Info: TotalIRLen = 9, IRPrint = 0x0011
* JLink Info: Found Cortex-M3 r1p1, Little endian.
* JLink Info: TPIU fitted.
* JLink Info: ETM fitted.
* JLink Info:   FPUnit: 6 code (BP) slots and 2 literal slots
Application running ...
Build target 'stm32'
compiling main.c...
..\source\usart.h(6): warning:  #1-D: last line of file ends without a newline
linking...
Program Size: Code=11726 RO-data=358 RW-data=20 ZI-data=2148  
FromELF: creating hex file...
"stm32.axf" - 0 Error(s), 1 Warning(s).
Build target 'stm32'
compiling main.c...
..\source\usart.h(13): warning:  #1-D: last line of file ends without a newline
compiling fsmc_lcd.c...
compiling lcd.c...
..\source\lcd.c(33): warning:  #223-D: function "lcd_rst" declared implicitly
compiling usart.c...
..\source\usart.h(13): warning:  #1-D: last line of file ends without a newline
..\source\usart.c(82): warning:  #1-D: last line of file ends without a newline
linking...
stm32.axf: Error: L6218E: Undefined symbol lcd_rst (referred from lcd.o).
Target not created
Build target 'stm32'
compiling main.c...
..\source\usart.h(13): warning:  #1-D: last line of file ends without a newline
compiling lcd.c...
compiling usart.c...
..\source\usart.h(13): warning:  #1-D: last line of file ends without a newline
..\source\usart.c(82): warning:  #1-D: last line of file ends without a newline
linking...
Program Size: Code=11726 RO-data=358 RW-data=20 ZI-data=2148  
FromELF: creating hex file...
"stm32.axf" - 0 Error(s), 3 Warning(s).
Build target 'stm32'
assembling cortexm3_macro.s...
assembling stm32f10x_vector.s...
compiling stm32f10x_adc.c...
compiling stm32f10x_bkp.c...
compiling stm32f10x_can.c...
compiling stm32f10x_crc.c...
compiling stm32f10x_dac.c...
compiling stm32f10x_dbgmcu.c...
compiling stm32f10x_dma.c...
compiling stm32f10x_exti.c...
compiling stm32f10x_flash.c...
compiling stm32f10x_fsmc.c...
compiling stm32f10x_gpio.c...
compiling stm32f10x_i2c.c...
compiling stm32f10x_iwdg.c...
compiling stm32f10x_lib.c...
compiling stm32f10x_nvic.c...
compiling stm32f10x_pwr.c...
compiling stm32f10x_rcc.c...
compiling stm32f10x_rtc.c...
compiling stm32f10x_sdio.c...
compiling stm32f10x_spi.c...
compiling stm32f10x_systick.c...
compiling stm32f10x_tim.c...
compiling stm32f10x_usart.c...
compiling stm32f10x_wwdg.c...
compiling main.c...
..\source\usart.h(11): warning:  #1-D: last line of file ends without a newline
compiling stm32f10x_it.c...
compiling rcc.c...
compiling nvic.c...
compiling gpio.c...
compiling systick.c...
compiling fsmc_lcd.c...
compiling lcd.c...
compiling usart.c...
..\source\usart.h(11): warning:  #1-D: last line of file ends without a newline
..\source\usart.c(82): warning:  #1-D: last line of file ends without a newline
linking...
Program Size: Code=11726 RO-data=358 RW-data=20 ZI-data=2148  
FromELF: creating hex file...
"stm32.axf" - 0 Error(s), 3 Warning(s).
Build target 'stm32'
compiling main.c...
..\source\usart.h(11): warning:  #1-D: last line of file ends without a newline
compiling usart.c...
..\source\usart.h(11): warning:  #1-D: last line of file ends without a newline
..\source\usart.c(82): warning:  #1-D: last line of file ends without a newline
linking...
Program Size: Code=11726 RO-data=358 RW-data=20 ZI-data=2148  
FromELF: creating hex file...
"stm32.axf" - 0 Error(s), 3 Warning(s).
Build target 'stm32'
assembling cortexm3_macro.s...
assembling stm32f10x_vector.s...
compiling stm32f10x_adc.c...
compiling stm32f10x_bkp.c...
compiling stm32f10x_can.c...
compiling stm32f10x_crc.c...
compiling stm32f10x_dac.c...
compiling stm32f10x_dbgmcu.c...
compiling stm32f10x_dma.c...
compiling stm32f10x_exti.c...
compiling stm32f10x_flash.c...
compiling stm32f10x_fsmc.c...
compiling stm32f10x_gpio.c...
compiling stm32f10x_i2c.c...
compiling stm32f10x_iwdg.c...
compiling stm32f10x_lib.c...
compiling stm32f10x_nvic.c...
compiling stm32f10x_pwr.c...
compiling stm32f10x_rcc.c...
compiling stm32f10x_rtc.c...
compiling stm32f10x_sdio.c...
compiling stm32f10x_spi.c...
compiling stm32f10x_systick.c...
compiling stm32f10x_tim.c...
compiling stm32f10x_usart.c...
compiling stm32f10x_wwdg.c...
compiling main.c...
..\source\usart.h(12): warning:  #1-D: last line of file ends without a newline
compiling stm32f10x_it.c...
compiling rcc.c...
compiling nvic.c...
compiling gpio.c...
compiling systick.c...
compiling fsmc_lcd.c...
compiling lcd.c...
compiling usart.c...
..\source\usart.h(12): warning:  #1-D: last line of file ends without a newline
..\source\usart.c(82): warning:  #1-D: last line of file ends without a newline
linking...
Program Size: Code=11726 RO-data=358 RW-data=20 ZI-data=2148  
FromELF: creating hex file...
"stm32.axf" - 0 Error(s), 3 Warning(s).
Build target 'stm32'
compiling main.c...
compiling usart.c...
..\source\usart.c(83): warning:  #1-D: last line of file ends without a newline
linking...
Program Size: Code=11726 RO-data=358 RW-data=20 ZI-data=2148  
FromELF: creating hex file...
"stm32.axf" - 0 Error(s), 1 Warning(s).
Build target 'stm32'
compiling usart.c...
..\source\usart.c(84): warning:  #1-D: last line of file ends without a newline
linking...
Program Size: Code=11726 RO-data=358 RW-data=20 ZI-data=2148  
FromELF: creating hex file...
"stm32.axf" - 0 Error(s), 1 Warning(s).
Build target 'stm32'
compiling usart.c...
..\source\usart.c(85): warning:  #1-D: last line of file ends without a newline
linking...
Program Size: Code=11726 RO-data=358 RW-data=20 ZI-data=2148  
FromELF: creating hex file...
"stm32.axf" - 0 Error(s), 1 Warning(s).
Build target 'stm32'
compiling usart.c...
..\source\usart.c(87): warning:  #1-D: last line of file ends without a newline
linking...
Program Size: Code=11726 RO-data=358 RW-data=20 ZI-data=2148  
FromELF: creating hex file...
"stm32.axf" - 0 Error(s), 1 Warning(s).
Build target 'stm32'
compiling usart.c...
linking...
Program Size: Code=11726 RO-data=358 RW-data=20 ZI-data=2148  
FromELF: creating hex file...
"stm32.axf" - 0 Error(s), 0 Warning(s).
Load "F:\\Dean\\lcd\\project\\stm32.AXF" 

JLink info:
-----------
DLL: V4.08b, compiled Jun 30 2009 19:10:31
Firmware: J-Link ARM V8 compiled Dec  1 2009 11:42:48
Hardware: V8.00
S/N : 20100214 
Feature(s) : RDI,FlashDL,FlashBP,JFlash,GDBFull 
---
* JLink Info: TotalIRLen = 9, IRPrint = 0x0011
* JLink Info: Found Cortex-M3 r1p1, Little endian.
* JLink Info: TPIU fitted.
* JLink Info: ETM fitted.
* JLink Info:   FPUnit: 6 code (BP) slots and 2 literal slots

Target info:
------------
Device: STM32F103ZE
VTarget = 3.170V
State of Pins: 
TCK: 1, TDI: 0, TDO: 0, TMS: 0, TRES: 1, TRST: 1
* JLink Info: TotalIRLen = 9, IRPrint = 0x0011
* JLink Info: Found Cortex-M3 r1p1, Little endian.
* JLink Info: TPIU fitted.
* JLink Info: ETM fitted.
* JLink Info:   FPUnit: 6 code (BP) slots and 2 literal slots
Hardware-Breakpoints: 6
Software-Breakpoints: 2048
Watchpoints:          4
JTAG speed: 2000 kHz
---
* JLink Info: TotalIRLen = 9, IRPrint = 0x0011
* JLink Info: Found Cortex-M3 r1p1, Little endian.
* JLink Info: TPIU fitted.
* JLink Info: ETM fitted.
* JLink Info:   FPUnit: 6 code (BP) slots and 2 literal slots
Full Chip Erase Done.
Programming Done.
Verify OK.
* JLink Info: TotalIRLen = 9, IRPrint = 0x0011
* JLink Info: Found Cortex-M3 r1p1, Little endian.
* JLink Info: TPIU fitted.
* JLink Info: ETM fitted.
* JLink Info:   FPUnit: 6 code (BP) slots and 2 literal slots
Application running ...
Clean started: Project: 'stm32'
   deleting intermediate output files for target 'stm32'
