<html>
<body>
<pre>
<h1>µVision3 Build Log</h1>
<h2>Project:</h2>
J:\StupidFish\Dean\Project\Stm32Work.uv2
Project File Date:  08/05/2010

<h2>Output:</h2>
Build target 'Target 1'
compiling spi.c...
..\SourceFiles\spi.c(223): warning:  #177-D: variable "nCount" was declared but never referenced
..\SourceFiles\spi.c(224): warning:  #177-D: variable "vEncoder" was declared but never referenced
..\SourceFiles\spi.c(225): warning:  #177-D: variable "i" was declared but never referenced
linking...
Program Size: Code=12248 RO-data=388 RW-data=28 ZI-data=2340  
FromELF: creating hex file...
"Stm32Work.axf" - 0 Error(s), 3 Warning(s).
Load "J:\\StupidFish\\Dean\\Project\\Stm32Work.AXF" 

JLink info:
-----------
DLL: V4.08b, compiled Jun 30 2009 19:10:31
Firmware: J-Link ARM V8 compiled Dec  1 2009 11:42:48
Hardware: V8.00
S/N : 20100214 
Feature(s) : RDI,FlashDL,FlashBP,JFlash,GDBFull 
---
* JLink Info: TotalIRLen = 9, IRPrint = 0x0011
* JLink Info: Found Cortex-M3 r1p1, Little endian.
* JLink Info: TPIU fitted.
* JLink Info: ETM fitted.
* JLink Info:   FPUnit: 6 code (BP) slots and 2 literal slots

Target info:
------------
Device: STM32F103ZE
VTarget = 3.280V
State of Pins: 
TCK: 1, TDI: 0, TDO: 0, TMS: 0, TRES: 1, TRST: 1
* JLink Info: TotalIRLen = 9, IRPrint = 0x0011
* JLink Info: Found Cortex-M3 r1p1, Little endian.
* JLink Info: TPIU fitted.
* JLink Info: ETM fitted.
* JLink Info:   FPUnit: 6 code (BP) slots and 2 literal slots
Hardware-Breakpoints: 6
Software-Breakpoints: 2048
Watchpoints:          4
JTAG speed: 2000 kHz
---
* JLink Info: TotalIRLen = 9, IRPrint = 0x0011
* JLink Info: Found Cortex-M3 r1p1, Little endian.
* JLink Info: TPIU fitted.
* JLink Info: ETM fitted.
* JLink Info:   FPUnit: 6 code (BP) slots and 2 literal slots
Erase Done.
Programming Done.
Verify OK.
Build target 'Target 1'
compiling nrf24L01.c...
..\SourceFiles\nrf24L01.c(1): error:  #5: cannot open source input file "spi.h": No such file or directory
Target not created
Build target 'Target 1'
compiling nrf24L01.c...
..\SourceFiles\nrf24L01.c(233): warning:  #177-D: variable "nCount" was declared but never referenced
..\SourceFiles\nrf24L01.c(234): warning:  #177-D: variable "vEncoder" was declared but never referenced
..\SourceFiles\nrf24L01.c(235): warning:  #177-D: variable "i" was declared but never referenced
linking...
Program Size: Code=12336 RO-data=388 RW-data=32 ZI-data=2336  
FromELF: creating hex file...
"Stm32Work.axf" - 0 Error(s), 3 Warning(s).
Load "J:\\StupidFish\\Dean\\Project\\Stm32Work.AXF" 

JLink info:
-----------
DLL: V4.08b, compiled Jun 30 2009 19:10:31
Firmware: J-Link ARM V8 compiled Dec  1 2009 11:42:48
Hardware: V8.00
S/N : 20100214 
Feature(s) : RDI,FlashDL,FlashBP,JFlash,GDBFull 
---
* JLink Info: TotalIRLen = 9, IRPrint = 0x0011
* JLink Info: Found Cortex-M3 r1p1, Little endian.
* JLink Info: TPIU fitted.
* JLink Info: ETM fitted.
* JLink Info:   FPUnit: 6 code (BP) slots and 2 literal slots

Target info:
------------
Device: STM32F103ZE
VTarget = 3.274V
State of Pins: 
TCK: 1, TDI: 0, TDO: 0, TMS: 0, TRES: 1, TRST: 1
* JLink Info: TotalIRLen = 9, IRPrint = 0x0011
* JLink Info: Found Cortex-M3 r1p1, Little endian.
* JLink Info: TPIU fitted.
* JLink Info: ETM fitted.
* JLink Info:   FPUnit: 6 code (BP) slots and 2 literal slots
Hardware-Breakpoints: 6
Software-Breakpoints: 2048
Watchpoints:          4
JTAG speed: 2000 kHz
---
* JLink Info: TotalIRLen = 9, IRPrint = 0x0011
* JLink Info: Found Cortex-M3 r1p1, Little endian.
* JLink Info: TPIU fitted.
* JLink Info: ETM fitted.
* JLink Info:   FPUnit: 6 code (BP) slots and 2 literal slots
Erase Done.
Programming Done.
Verify OK.
Build target 'Target 1'
compiling nrf24L01.c...
..\SourceFiles\nrf24L01.c(233): warning:  #177-D: variable "nCount" was declared but never referenced
..\SourceFiles\nrf24L01.c(234): warning:  #177-D: variable "vEncoder" was declared but never referenced
..\SourceFiles\nrf24L01.c(235): warning:  #177-D: variable "i" was declared but never referenced
linking...
Program Size: Code=12368 RO-data=388 RW-data=32 ZI-data=2336  
FromELF: creating hex file...
"Stm32Work.axf" - 0 Error(s), 3 Warning(s).
Load "J:\\StupidFish\\Dean\\Project\\Stm32Work.AXF" 

JLink info:
-----------
DLL: V4.08b, compiled Jun 30 2009 19:10:31
Firmware: J-Link ARM V8 compiled Dec  1 2009 11:42:48
Hardware: V8.00
S/N : 20100214 
Feature(s) : RDI,FlashDL,FlashBP,JFlash,GDBFull 
---
* JLink Info: TotalIRLen = 9, IRPrint = 0x0011
* JLink Info: Found Cortex-M3 r1p1, Little endian.
* JLink Info: TPIU fitted.
* JLink Info: ETM fitted.
* JLink Info:   FPUnit: 6 code (BP) slots and 2 literal slots

Target info:
------------
Device: STM32F103ZE
VTarget = 3.280V
State of Pins: 
TCK: 1, TDI: 0, TDO: 0, TMS: 0, TRES: 1, TRST: 1
* JLink Info: TotalIRLen = 9, IRPrint = 0x0011
* JLink Info: Found Cortex-M3 r1p1, Little endian.
* JLink Info: TPIU fitted.
* JLink Info: ETM fitted.
* JLink Info:   FPUnit: 6 code (BP) slots and 2 literal slots
Hardware-Breakpoints: 6
Software-Breakpoints: 2048
Watchpoints:          4
JTAG speed: 2000 kHz
---
* JLink Info: TotalIRLen = 9, IRPrint = 0x0011
* JLink Info: Found Cortex-M3 r1p1, Little endian.
* JLink Info: TPIU fitted.
* JLink Info: ETM fitted.
* JLink Info:   FPUnit: 6 code (BP) slots and 2 literal slots
Erase Done.
Programming Done.
Verify OK.
